2026-05-18 00:00:38.766 [http-nio-8080-exec-4] DEBUG c.e.d.r.chat.ChatSessionMapper.countTotalUnread - ==>  Preparing: SELECT COALESCE(SUM(CASE WHEN ? = 1 THEN unread_tenant ELSE unread_landlord END), 0) FROM chat_session WHERE (session_type = 0 OR session_type IS NULL) AND ((? = 1 AND tenant_id = ?) OR (? = 2 AND landlord_id = ?))
2026-05-18 00:00:38.766 [http-nio-8080-exec-6] DEBUG c.e.d.r.n.NotificationMapper.countUnreadByUserId - ==>  Preparing: SELECT COUNT(*) FROM notification WHERE user_id = ? AND is_read = 0
2026-05-18 00:00:38.809 [http-nio-8080-exec-4] DEBUG c.e.d.r.chat.ChatSessionMapper.countTotalUnread - ==> Parameters: 1(Integer), 1(Integer), null, 1(Integer), null
2026-05-18 00:00:38.809 [http-nio-8080-exec-6] DEBUG c.e.d.r.n.NotificationMapper.countUnreadByUserId - ==> Parameters: null
2026-05-18 00:00:38.809 [http-nio-8080-exec-6] DEBUG c.e.d.r.n.NotificationMapper.countUnreadByUserId - <==      Total: 1
2026-05-18 00:00:38.809 [http-nio-8080-exec-4] DEBUG c.e.d.r.chat.ChatSessionMapper.countTotalUnread - <==      Total: 1
2026-05-18 00:01:38.757 [http-nio-8080-exec-9] DEBUG c.e.d.r.n.NotificationMapper.countUnreadByUserId - ==>  Preparing: SELECT COUNT(*) FROM notification WHERE user_id = ? AND is_read = 0
2026-05-18 00:01:38.757 [http-nio-8080-exec-3] DEBUG c.e.d.r.chat.ChatSessionMapper.countTotalUnread - ==>  Preparing: SELECT COALESCE(SUM(CASE WHEN ? = 1 THEN unread_tenant ELSE unread_landlord END), 0) FROM chat_session WHERE (session_type = 0 OR session_type IS NULL) AND ((? = 1 AND tenant_id = ?) OR (? = 2 AND landlord_id = ?))
2026-05-18 00:01:38.757 [http-nio-8080-exec-9] DEBUG c.e.d.r.n.NotificationMapper.countUnreadByUserId - ==> Parameters: null
2026-05-18 00:01:38.757 [http-nio-8080-exec-3] DEBUG c.e.d.r.chat.ChatSessionMapper.countTotalUnread - ==> Parameters: 1(Integer), 1(Integer), null, 1(Integer), null
2026-05-18 00:01:38.757 [http-nio-8080-exec-3] DEBUG c.e.d.r.chat.ChatSessionMapper.countTotalUnread - <==      Total: 1
2026-05-18 00:01:38.757 [http-nio-8080-exec-9] DEBUG c.e.d.r.n.NotificationMapper.countUnreadByUserId - <==      Total: 1
2026-05-18 00:02:38.764 [http-nio-8080-exec-10] DEBUG c.e.d.r.chat.ChatSessionMapper.countTotalUnread - ==>  Preparing: SELECT COALESCE(SUM(CASE WHEN ? = 1 THEN unread_tenant ELSE unread_landlord END), 0) FROM chat_session WHERE (session_type = 0 OR session_type IS NULL) AND ((? = 1 AND tenant_id = ?) OR (? = 2 AND landlord_id = ?))
2026-05-18 00:02:38.764 [http-nio-8080-exec-2] DEBUG c.e.d.r.n.NotificationMapper.countUnreadByUserId - ==>  Preparing: SELECT COUNT(*) FROM notification WHERE user_id = ? AND is_read = 0
2026-05-18 00:02:38.764 [http-nio-8080-exec-10] DEBUG c.e.d.r.chat.ChatSessionMapper.countTotalUnread - ==> Parameters: 1(Integer), 1(Integer), null, 1(Integer), null
2026-05-18 00:02:38.764 [http-nio-8080-exec-2] DEBUG c.e.d.r.n.NotificationMapper.countUnreadByUserId - ==> Parameters: null
2026-05-18 00:02:38.765 [http-nio-8080-exec-2] DEBUG c.e.d.r.n.NotificationMapper.countUnreadByUserId - <==      Total: 1
2026-05-18 00:02:38.765 [http-nio-8080-exec-10] DEBUG c.e.d.r.chat.ChatSessionMapper.countTotalUnread - <==      Total: 1
2026-05-18 00:03:38.772 [http-nio-8080-exec-7] DEBUG c.e.d.r.n.NotificationMapper.countUnreadByUserId - ==>  Preparing: SELECT COUNT(*) FROM notification WHERE user_id = ? AND is_read = 0
2026-05-18 00:03:38.772 [http-nio-8080-exec-7] DEBUG c.e.d.r.n.NotificationMapper.countUnreadByUserId - ==> Parameters: null
2026-05-18 00:03:38.772 [http-nio-8080-exec-1] DEBUG c.e.d.r.chat.ChatSessionMapper.countTotalUnread - ==>  Preparing: SELECT COALESCE(SUM(CASE WHEN ? = 1 THEN unread_tenant ELSE unread_landlord END), 0) FROM chat_session WHERE (session_type = 0 OR session_type IS NULL) AND ((? = 1 AND tenant_id = ?) OR (? = 2 AND landlord_id = ?))
2026-05-18 00:03:38.774 [http-nio-8080-exec-1] DEBUG c.e.d.r.chat.ChatSessionMapper.countTotalUnread - ==> Parameters: 1(Integer), 1(Integer), null, 1(Integer), null
2026-05-18 00:03:38.774 [http-nio-8080-exec-7] DEBUG c.e.d.r.n.NotificationMapper.countUnreadByUserId - <==      Total: 1
2026-05-18 00:03:38.774 [http-nio-8080-exec-1] DEBUG c.e.d.r.chat.ChatSessionMapper.countTotalUnread - <==      Total: 1
2026-05-18 01:00:00.066 [MessageBroker-2] DEBUG c.e.d.r.rental.RentalContractMapper.selectList - ==>  Preparing: SELECT contract_id,house_id,landlord_id,tenant_id,contract_no,content,rent_start_date,rent_end_date,monthly_rent,deposit_amount,payment_day,status,renewal_status,parent_contract_id,tenant_sign_time,landlord_sign_time,create_time,update_time FROM rental_contract WHERE (status = ? AND rent_end_date < ?)
2026-05-18 01:00:00.066 [MessageBroker-2] DEBUG c.e.d.r.rental.RentalContractMapper.selectList - ==> Parameters: 2(Integer), 2026-05-18(LocalDate)
2026-05-18 01:00:00.072 [MessageBroker-2] DEBUG c.e.d.r.rental.RentalContractMapper.selectList - <==      Total: 0
2026-05-18 02:00:00.007 [MessageBroker-1] DEBUG c.e.d.r.rental.RentalContractMapper.selectList - ==>  Preparing: SELECT contract_id,house_id,landlord_id,tenant_id,contract_no,content,rent_start_date,rent_end_date,monthly_rent,deposit_amount,payment_day,status,renewal_status,parent_contract_id,tenant_sign_time,landlord_sign_time,create_time,update_time FROM rental_contract WHERE (status = ? AND rent_end_date >= ?)
2026-05-18 02:00:00.007 [MessageBroker-1] DEBUG c.e.d.r.rental.RentalContractMapper.selectList - ==> Parameters: 2(Integer), 2026-05-18(LocalDate)
2026-05-18 02:00:00.031 [MessageBroker-1] DEBUG c.e.d.r.rental.RentalContractMapper.selectList - <==      Total: 16
2026-05-18 09:06:16.859 [HikariPool-1:housekeeper] WARN  com.zaxxer.hikari.pool.HikariPool - HikariPool-1 - Thread starvation or clock leap detected (housekeeper delta=5h46m23s88ms458µs).
2026-05-18 09:09:11.622 [http-nio-8080-exec-9] DEBUG c.e.d.r.n.NotificationMapper.countUnreadByUserId - ==>  Preparing: SELECT COUNT(*) FROM notification WHERE user_id = ? AND is_read = 0
2026-05-18 09:09:11.622 [http-nio-8080-exec-9] DEBUG c.e.d.r.n.NotificationMapper.countUnreadByUserId - ==> Parameters: null
2026-05-18 09:09:11.622 [http-nio-8080-exec-3] DEBUG c.e.d.r.chat.ChatSessionMapper.countTotalUnread - ==>  Preparing: SELECT COALESCE(SUM(CASE WHEN ? = 1 THEN unread_tenant ELSE unread_landlord END), 0) FROM chat_session WHERE (session_type = 0 OR session_type IS NULL) AND ((? = 1 AND tenant_id = ?) OR (? = 2 AND landlord_id = ?))
2026-05-18 09:09:11.622 [http-nio-8080-exec-3] DEBUG c.e.d.r.chat.ChatSessionMapper.countTotalUnread - ==> Parameters: 1(Integer), 1(Integer), null, 1(Integer), null
2026-05-18 09:09:11.622 [http-nio-8080-exec-9] DEBUG c.e.d.r.n.NotificationMapper.countUnreadByUserId - <==      Total: 1
2026-05-18 09:09:11.622 [http-nio-8080-exec-3] DEBUG c.e.d.r.chat.ChatSessionMapper.countTotalUnread - <==      Total: 1
2026-05-18 09:09:12.580 [http-nio-8080-exec-7] DEBUG c.e.d.r.n.NotificationMapper.countUnreadByUserId - ==>  Preparing: SELECT COUNT(*) FROM notification WHERE user_id = ? AND is_read = 0
2026-05-18 09:09:12.580 [http-nio-8080-exec-8] DEBUG c.e.d.r.chat.ChatSessionMapper.countTotalUnread - ==>  Preparing: SELECT COALESCE(SUM(CASE WHEN ? = 1 THEN unread_tenant ELSE unread_landlord END), 0) FROM chat_session WHERE (session_type = 0 OR session_type IS NULL) AND ((? = 1 AND tenant_id = ?) OR (? = 2 AND landlord_id = ?))
2026-05-18 09:09:12.581 [http-nio-8080-exec-7] DEBUG c.e.d.r.n.NotificationMapper.countUnreadByUserId - ==> Parameters: null
2026-05-18 09:09:12.581 [http-nio-8080-exec-8] DEBUG c.e.d.r.chat.ChatSessionMapper.countTotalUnread - ==> Parameters: 1(Integer), 1(Integer), null, 1(Integer), null
2026-05-18 09:09:12.581 [http-nio-8080-exec-8] DEBUG c.e.d.r.chat.ChatSessionMapper.countTotalUnread - <==      Total: 1
2026-05-18 09:09:12.581 [http-nio-8080-exec-7] DEBUG c.e.d.r.n.NotificationMapper.countUnreadByUserId - <==      Total: 1
2026-05-18 09:09:12.604 [http-nio-8080-exec-4] DEBUG c.e.d.repository.house.HouseMapper.selectHotHouses - ==>  Preparing: SELECT house_id as houseId, title, address, city, rent_price as rentPrice, area, house_type as houseType, images, view_count as viewCount, collect_count as collectCount FROM house WHERE status = 1 AND city LIKE CONCAT('%',?,'%') ORDER BY view_count DESC, collect_count DESC LIMIT ?
2026-05-18 09:09:12.604 [http-nio-8080-exec-6] DEBUG c.e.d.r.house.HouseMapper.selectCheapHouses - ==>  Preparing: SELECT house_id as houseId, title, address, city, rent_price as rentPrice, area, house_type as houseType, images, view_count as viewCount, collect_count as collectCount FROM house WHERE status = 1 AND city LIKE CONCAT('%',?,'%') ORDER BY rent_price ASC LIMIT ?
2026-05-18 09:09:12.604 [http-nio-8080-exec-6] DEBUG c.e.d.r.house.HouseMapper.selectCheapHouses - ==> Parameters: 无锡(String), 8(Integer)
2026-05-18 09:09:12.604 [http-nio-8080-exec-4] DEBUG c.e.d.repository.house.HouseMapper.selectHotHouses - ==> Parameters: 无锡(String), 8(Integer)
2026-05-18 09:09:12.613 [http-nio-8080-exec-4] DEBUG c.e.d.repository.house.HouseMapper.selectHotHouses - <==      Total: 8
2026-05-18 09:09:12.621 [http-nio-8080-exec-6] DEBUG c.e.d.r.house.HouseMapper.selectCheapHouses - <==      Total: 8
2026-05-18 09:09:42.634 [http-nio-8080-exec-3] DEBUG c.e.d.r.chat.ChatSessionMapper.countTotalUnread - ==>  Preparing: SELECT COALESCE(SUM(CASE WHEN ? = 1 THEN unread_tenant ELSE unread_landlord END), 0) FROM chat_session WHERE (session_type = 0 OR session_type IS NULL) AND ((? = 1 AND tenant_id = ?) OR (? = 2 AND landlord_id = ?))
2026-05-18 09:09:42.634 [http-nio-8080-exec-3] DEBUG c.e.d.r.chat.ChatSessionMapper.countTotalUnread - ==> Parameters: 1(Integer), 1(Integer), null, 1(Integer), null
2026-05-18 09:09:42.634 [http-nio-8080-exec-3] DEBUG c.e.d.r.chat.ChatSessionMapper.countTotalUnread - <==      Total: 1
2026-05-18 09:10:12.630 [http-nio-8080-exec-10] DEBUG c.e.d.r.chat.ChatSessionMapper.countTotalUnread - ==>  Preparing: SELECT COALESCE(SUM(CASE WHEN ? = 1 THEN unread_tenant ELSE unread_landlord END), 0) FROM chat_session WHERE (session_type = 0 OR session_type IS NULL) AND ((? = 1 AND tenant_id = ?) OR (? = 2 AND landlord_id = ?))
2026-05-18 09:10:12.630 [http-nio-8080-exec-9] DEBUG c.e.d.r.n.NotificationMapper.countUnreadByUserId - ==>  Preparing: SELECT COUNT(*) FROM notification WHERE user_id = ? AND is_read = 0
2026-05-18 09:10:12.630 [http-nio-8080-exec-9] DEBUG c.e.d.r.n.NotificationMapper.countUnreadByUserId - ==> Parameters: null
2026-05-18 09:10:12.630 [http-nio-8080-exec-10] DEBUG c.e.d.r.chat.ChatSessionMapper.countTotalUnread - ==> Parameters: 1(Integer), 1(Integer), null, 1(Integer), null
2026-05-18 09:10:12.630 [http-nio-8080-exec-9] DEBUG c.e.d.r.n.NotificationMapper.countUnreadByUserId - <==      Total: 1
2026-05-18 09:10:12.630 [http-nio-8080-exec-10] DEBUG c.e.d.r.chat.ChatSessionMapper.countTotalUnread - <==      Total: 1
2026-05-18 09:10:42.627 [http-nio-8080-exec-8] DEBUG c.e.d.r.chat.ChatSessionMapper.countTotalUnread - ==>  Preparing: SELECT COALESCE(SUM(CASE WHEN ? = 1 THEN unread_tenant ELSE unread_landlord END), 0) FROM chat_session WHERE (session_type = 0 OR session_type IS NULL) AND ((? = 1 AND tenant_id = ?) OR (? = 2 AND landlord_id = ?))
2026-05-18 09:10:42.627 [http-nio-8080-exec-8] DEBUG c.e.d.r.chat.ChatSessionMapper.countTotalUnread - ==> Parameters: 1(Integer), 1(Integer), null, 1(Integer), null
2026-05-18 09:10:42.628 [http-nio-8080-exec-8] DEBUG c.e.d.r.chat.ChatSessionMapper.countTotalUnread - <==      Total: 1
2026-05-18 09:11:12.630 [http-nio-8080-exec-5] DEBUG c.e.d.r.n.NotificationMapper.countUnreadByUserId - ==>  Preparing: SELECT COUNT(*) FROM notification WHERE user_id = ? AND is_read = 0
2026-05-18 09:11:12.630 [http-nio-8080-exec-4] DEBUG c.e.d.r.chat.ChatSessionMapper.countTotalUnread - ==>  Preparing: SELECT COALESCE(SUM(CASE WHEN ? = 1 THEN unread_tenant ELSE unread_landlord END), 0) FROM chat_session WHERE (session_type = 0 OR session_type IS NULL) AND ((? = 1 AND tenant_id = ?) OR (? = 2 AND landlord_id = ?))
2026-05-18 09:11:12.630 [http-nio-8080-exec-5] DEBUG c.e.d.r.n.NotificationMapper.countUnreadByUserId - ==> Parameters: null
2026-05-18 09:11:12.630 [http-nio-8080-exec-4] DEBUG c.e.d.r.chat.ChatSessionMapper.countTotalUnread - ==> Parameters: 1(Integer), 1(Integer), null, 1(Integer), null
2026-05-18 09:11:12.631 [http-nio-8080-exec-4] DEBUG c.e.d.r.chat.ChatSessionMapper.countTotalUnread - <==      Total: 1
2026-05-18 09:11:12.631 [http-nio-8080-exec-5] DEBUG c.e.d.r.n.NotificationMapper.countUnreadByUserId - <==      Total: 1
2026-05-18 09:11:42.638 [http-nio-8080-exec-10] DEBUG c.e.d.r.chat.ChatSessionMapper.countTotalUnread - ==>  Preparing: SELECT COALESCE(SUM(CASE WHEN ? = 1 THEN unread_tenant ELSE unread_landlord END), 0) FROM chat_session WHERE (session_type = 0 OR session_type IS NULL) AND ((? = 1 AND tenant_id = ?) OR (? = 2 AND landlord_id = ?))
2026-05-18 09:11:42.639 [http-nio-8080-exec-10] DEBUG c.e.d.r.chat.ChatSessionMapper.countTotalUnread - ==> Parameters: 1(Integer), 1(Integer), null, 1(Integer), null
2026-05-18 09:11:42.640 [http-nio-8080-exec-10] DEBUG c.e.d.r.chat.ChatSessionMapper.countTotalUnread - <==      Total: 1
2026-05-18 09:12:12.636 [http-nio-8080-exec-9] DEBUG c.e.d.r.n.NotificationMapper.countUnreadByUserId - ==>  Preparing: SELECT COUNT(*) FROM notification WHERE user_id = ? AND is_read = 0
2026-05-18 09:12:12.636 [http-nio-8080-exec-9] DEBUG c.e.d.r.n.NotificationMapper.countUnreadByUserId - ==> Parameters: null
2026-05-18 09:12:12.637 [http-nio-8080-exec-9] DEBUG c.e.d.r.n.NotificationMapper.countUnreadByUserId - <==      Total: 1
2026-05-18 09:12:12.637 [http-nio-8080-exec-1] DEBUG c.e.d.r.chat.ChatSessionMapper.countTotalUnread - ==>  Preparing: SELECT COALESCE(SUM(CASE WHEN ? = 1 THEN unread_tenant ELSE unread_landlord END), 0) FROM chat_session WHERE (session_type = 0 OR session_type IS NULL) AND ((? = 1 AND tenant_id = ?) OR (? = 2 AND landlord_id = ?))
2026-05-18 09:12:12.637 [http-nio-8080-exec-1] DEBUG c.e.d.r.chat.ChatSessionMapper.countTotalUnread - ==> Parameters: 1(Integer), 1(Integer), null, 1(Integer), null
2026-05-18 09:12:12.637 [http-nio-8080-exec-1] DEBUG c.e.d.r.chat.ChatSessionMapper.countTotalUnread - <==      Total: 1
2026-05-18 09:12:42.633 [http-nio-8080-exec-7] DEBUG c.e.d.r.chat.ChatSessionMapper.countTotalUnread - ==>  Preparing: SELECT COALESCE(SUM(CASE WHEN ? = 1 THEN unread_tenant ELSE unread_landlord END), 0) FROM chat_session WHERE (session_type = 0 OR session_type IS NULL) AND ((? = 1 AND tenant_id = ?) OR (? = 2 AND landlord_id = ?))
2026-05-18 09:12:42.633 [http-nio-8080-exec-7] DEBUG c.e.d.r.chat.ChatSessionMapper.countTotalUnread - ==> Parameters: 1(Integer), 1(Integer), null, 1(Integer), null
2026-05-18 09:12:42.634 [http-nio-8080-exec-7] DEBUG c.e.d.r.chat.ChatSessionMapper.countTotalUnread - <==      Total: 1
2026-05-18 09:13:12.624 [http-nio-8080-exec-2] DEBUG c.e.d.r.n.NotificationMapper.countUnreadByUserId - ==>  Preparing: SELECT COUNT(*) FROM notification WHERE user_id = ? AND is_read = 0
2026-05-18 09:13:12.625 [http-nio-8080-exec-2] DEBUG c.e.d.r.n.NotificationMapper.countUnreadByUserId - ==> Parameters: null
2026-05-18 09:13:12.625 [http-nio-8080-exec-2] DEBUG c.e.d.r.n.NotificationMapper.countUnreadByUserId - <==      Total: 1
2026-05-18 09:13:35.626 [http-nio-8080-exec-5] DEBUG c.e.d.r.chat.ChatSessionMapper.countTotalUnread - ==>  Preparing: SELECT COALESCE(SUM(CASE WHEN ? = 1 THEN unread_tenant ELSE unread_landlord END), 0) FROM chat_session WHERE (session_type = 0 OR session_type IS NULL) AND ((? = 1 AND tenant_id = ?) OR (? = 2 AND landlord_id = ?))
2026-05-18 09:13:35.626 [http-nio-8080-exec-5] DEBUG c.e.d.r.chat.ChatSessionMapper.countTotalUnread - ==> Parameters: 1(Integer), 1(Integer), null, 1(Integer), null
2026-05-18 09:13:35.627 [http-nio-8080-exec-5] DEBUG c.e.d.r.chat.ChatSessionMapper.countTotalUnread - <==      Total: 1
2026-05-18 09:14:12.633 [http-nio-8080-exec-4] DEBUG c.e.d.r.n.NotificationMapper.countUnreadByUserId - ==>  Preparing: SELECT COUNT(*) FROM notification WHERE user_id = ? AND is_read = 0
2026-05-18 09:14:12.633 [http-nio-8080-exec-4] DEBUG c.e.d.r.n.NotificationMapper.countUnreadByUserId - ==> Parameters: null
2026-05-18 09:14:12.633 [http-nio-8080-exec-4] DEBUG c.e.d.r.n.NotificationMapper.countUnreadByUserId - <==      Total: 1
2026-05-18 09:14:35.633 [http-nio-8080-exec-6] DEBUG c.e.d.r.chat.ChatSessionMapper.countTotalUnread - ==>  Preparing: SELECT COALESCE(SUM(CASE WHEN ? = 1 THEN unread_tenant ELSE unread_landlord END), 0) FROM chat_session WHERE (session_type = 0 OR session_type IS NULL) AND ((? = 1 AND tenant_id = ?) OR (? = 2 AND landlord_id = ?))
2026-05-18 09:14:35.633 [http-nio-8080-exec-6] DEBUG c.e.d.r.chat.ChatSessionMapper.countTotalUnread - ==> Parameters: 1(Integer), 1(Integer), null, 1(Integer), null
2026-05-18 09:14:35.633 [http-nio-8080-exec-6] DEBUG c.e.d.r.chat.ChatSessionMapper.countTotalUnread - <==      Total: 1
2026-05-18 09:15:12.622 [http-nio-8080-exec-3] DEBUG c.e.d.r.n.NotificationMapper.countUnreadByUserId - ==>  Preparing: SELECT COUNT(*) FROM notification WHERE user_id = ? AND is_read = 0
2026-05-18 09:15:12.623 [http-nio-8080-exec-3] DEBUG c.e.d.r.n.NotificationMapper.countUnreadByUserId - ==> Parameters: null
2026-05-18 09:15:12.623 [http-nio-8080-exec-3] DEBUG c.e.d.r.n.NotificationMapper.countUnreadByUserId - <==      Total: 1
2026-05-18 09:15:35.631 [http-nio-8080-exec-10] DEBUG c.e.d.r.chat.ChatSessionMapper.countTotalUnread - ==>  Preparing: SELECT COALESCE(SUM(CASE WHEN ? = 1 THEN unread_tenant ELSE unread_landlord END), 0) FROM chat_session WHERE (session_type = 0 OR session_type IS NULL) AND ((? = 1 AND tenant_id = ?) OR (? = 2 AND landlord_id = ?))
2026-05-18 09:15:35.631 [http-nio-8080-exec-10] DEBUG c.e.d.r.chat.ChatSessionMapper.countTotalUnread - ==> Parameters: 1(Integer), 1(Integer), null, 1(Integer), null
2026-05-18 09:15:35.631 [http-nio-8080-exec-10] DEBUG c.e.d.r.chat.ChatSessionMapper.countTotalUnread - <==      Total: 1
2026-05-18 09:16:35.629 [http-nio-8080-exec-1] DEBUG c.e.d.r.n.NotificationMapper.countUnreadByUserId - ==>  Preparing: SELECT COUNT(*) FROM notification WHERE user_id = ? AND is_read = 0
2026-05-18 09:16:35.629 [http-nio-8080-exec-9] DEBUG c.e.d.r.chat.ChatSessionMapper.countTotalUnread - ==>  Preparing: SELECT COALESCE(SUM(CASE WHEN ? = 1 THEN unread_tenant ELSE unread_landlord END), 0) FROM chat_session WHERE (session_type = 0 OR session_type IS NULL) AND ((? = 1 AND tenant_id = ?) OR (? = 2 AND landlord_id = ?))
2026-05-18 09:16:35.629 [http-nio-8080-exec-1] DEBUG c.e.d.r.n.NotificationMapper.countUnreadByUserId - ==> Parameters: null
2026-05-18 09:16:35.629 [http-nio-8080-exec-9] DEBUG c.e.d.r.chat.ChatSessionMapper.countTotalUnread - ==> Parameters: 1(Integer), 1(Integer), null, 1(Integer), null
2026-05-18 09:16:35.630 [http-nio-8080-exec-1] DEBUG c.e.d.r.n.NotificationMapper.countUnreadByUserId - <==      Total: 1
2026-05-18 09:16:35.630 [http-nio-8080-exec-9] DEBUG c.e.d.r.chat.ChatSessionMapper.countTotalUnread - <==      Total: 1
2026-05-18 09:17:35.636 [http-nio-8080-exec-2] DEBUG c.e.d.r.n.NotificationMapper.countUnreadByUserId - ==>  Preparing: SELECT COUNT(*) FROM notification WHERE user_id = ? AND is_read = 0
2026-05-18 09:17:35.636 [http-nio-8080-exec-7] DEBUG c.e.d.r.chat.ChatSessionMapper.countTotalUnread - ==>  Preparing: SELECT COALESCE(SUM(CASE WHEN ? = 1 THEN unread_tenant ELSE unread_landlord END), 0) FROM chat_session WHERE (session_type = 0 OR session_type IS NULL) AND ((? = 1 AND tenant_id = ?) OR (? = 2 AND landlord_id = ?))
2026-05-18 09:17:35.636 [http-nio-8080-exec-2] DEBUG c.e.d.r.n.NotificationMapper.countUnreadByUserId - ==> Parameters: null
2026-05-18 09:17:35.636 [http-nio-8080-exec-7] DEBUG c.e.d.r.chat.ChatSessionMapper.countTotalUnread - ==> Parameters: 1(Integer), 1(Integer), null, 1(Integer), null
2026-05-18 09:17:35.636 [http-nio-8080-exec-2] DEBUG c.e.d.r.n.NotificationMapper.countUnreadByUserId - <==      Total: 1
2026-05-18 09:17:35.636 [http-nio-8080-exec-7] DEBUG c.e.d.r.chat.ChatSessionMapper.countTotalUnread - <==      Total: 1
2026-05-18 09:18:30.129 [MessageBroker-2] DEBUG c.e.d.r.rental.RentalContractMapper.selectList - ==>  Preparing: SELECT contract_id,house_id,landlord_id,tenant_id,contract_no,content,rent_start_date,rent_end_date,monthly_rent,deposit_amount,payment_day,status,renewal_status,parent_contract_id,tenant_sign_time,landlord_sign_time,create_time,update_time FROM rental_contract WHERE (status = ? AND rent_end_date = ?)
2026-05-18 09:18:30.129 [MessageBroker-2] DEBUG c.e.d.r.rental.RentalContractMapper.selectList - ==> Parameters: 2(Integer), 2026-05-25(LocalDate)
2026-05-18 09:18:30.130 [MessageBroker-2] DEBUG c.e.d.r.rental.RentalContractMapper.selectList - <==      Total: 0
2026-05-18 09:18:30.677 [SpringApplicationShutdownHook] INFO  com.zaxxer.hikari.HikariDataSource - HikariPool-1 - Shutdown initiated...
2026-05-18 09:18:30.682 [SpringApplicationShutdownHook] INFO  com.zaxxer.hikari.HikariDataSource - HikariPool-1 - Shutdown completed.
2026-05-18 20:05:56.225 [main] INFO  com.example.demo.DemoApplication - Starting DemoApplication using Java 17.0.13 with PID 7292 (G:\house_rental\demo\target\classes started by lenovo in G:\house_rental\demo)
2026-05-18 20:05:56.226 [main] DEBUG com.example.demo.DemoApplication - Running with Spring Boot v3.5.3, Spring v6.2.8
2026-05-18 20:05:56.227 [main] INFO  com.example.demo.DemoApplication - No active profile set, falling back to 1 default profile: "default"
2026-05-18 20:05:57.785 [main] INFO  org.apache.coyote.http11.Http11NioProtocol - Initializing ProtocolHandler ["http-nio-8080"]
2026-05-18 20:05:57.786 [main] INFO  org.apache.catalina.core.StandardService - Starting service [Tomcat]
2026-05-18 20:05:57.786 [main] INFO  org.apache.catalina.core.StandardEngine - Starting Servlet engine: [Apache Tomcat/10.1.42]
2026-05-18 20:05:57.849 [main] INFO  o.a.c.core.ContainerBase.[Tomcat].[localhost].[/] - Initializing Spring embedded WebApplicationContext
2026-05-18 20:05:59.318 [main] INFO  com.example.demo.config.MvcConfig - 注册资源映射: /uploads/ -> file:///uploads
2026-05-18 20:05:59.567 [main] INFO  org.apache.coyote.http11.Http11NioProtocol - Starting ProtocolHandler ["http-nio-8080"]
2026-05-18 20:05:59.593 [main] INFO  com.example.demo.DemoApplication - Started DemoApplication in 3.956 seconds (process running for 5.411)
2026-05-18 20:06:35.787 [http-nio-8080-exec-1] INFO  o.a.c.core.ContainerBase.[Tomcat].[localhost].[/] - Initializing Spring DispatcherServlet 'dispatcherServlet'
2026-05-18 20:06:36.024 [http-nio-8080-exec-2] INFO  com.zaxxer.hikari.HikariDataSource - HikariPool-1 - Starting...
2026-05-18 20:06:36.185 [http-nio-8080-exec-2] INFO  com.zaxxer.hikari.pool.HikariPool - HikariPool-1 - Added connection com.mysql.cj.jdbc.ConnectionImpl@b82eeb3
2026-05-18 20:06:36.186 [http-nio-8080-exec-2] INFO  com.zaxxer.hikari.HikariDataSource - HikariPool-1 - Start completed.
2026-05-18 20:06:36.192 [http-nio-8080-exec-2] DEBUG c.e.demo.repository.user.UserMapper.selectList - ==>  Preparing: SELECT user_id,username,password,phone,email,real_name,id_card,avatar,user_type,realname_status,realname_time,realname_audit_reason,status,beans,credit_score,create_time,update_time FROM `user` WHERE (username = ? AND user_type = ?)
2026-05-18 20:06:36.216 [http-nio-8080-exec-2] DEBUG c.e.demo.repository.user.UserMapper.selectList - ==> Parameters: zkTest(String), 1(Integer)
2026-05-18 20:06:36.281 [http-nio-8080-exec-2] DEBUG c.e.demo.repository.user.UserMapper.selectList - <==      Total: 1
2026-05-18 20:06:36.751 [http-nio-8080-exec-3] DEBUG c.e.demo.repository.user.UserMapper.selectList - ==>  Preparing: SELECT user_id,username,password,phone,email,real_name,id_card,avatar,user_type,realname_status,realname_time,realname_audit_reason,status,beans,credit_score,create_time,update_time FROM `user` WHERE (username = ? AND user_type = ?)
2026-05-18 20:06:36.752 [http-nio-8080-exec-3] DEBUG c.e.demo.repository.user.UserMapper.selectList - ==> Parameters: zkTest(String), 1(Integer)
2026-05-18 20:06:36.754 [http-nio-8080-exec-3] DEBUG c.e.demo.repository.user.UserMapper.selectList - <==      Total: 1
2026-05-18 20:06:37.870 [http-nio-8080-exec-1] DEBUG c.e.d.r.chat.ChatSessionMapper.countTotalUnread - ==>  Preparing: SELECT COALESCE(SUM(CASE WHEN ? = 1 THEN unread_tenant ELSE unread_landlord END), 0) FROM chat_session WHERE (session_type = 0 OR session_type IS NULL) AND ((? = 1 AND tenant_id = ?) OR (? = 2 AND landlord_id = ?))
2026-05-18 20:06:37.870 [http-nio-8080-exec-2] DEBUG c.e.d.r.n.NotificationMapper.countUnreadByUserId - ==>  Preparing: SELECT COUNT(*) FROM notification WHERE user_id = ? AND is_read = 0
2026-05-18 20:06:37.870 [http-nio-8080-exec-2] DEBUG c.e.d.r.n.NotificationMapper.countUnreadByUserId - ==> Parameters: 32(Long)
2026-05-18 20:06:37.870 [http-nio-8080-exec-1] DEBUG c.e.d.r.chat.ChatSessionMapper.countTotalUnread - ==> Parameters: 1(Integer), 1(Integer), 32(Long), 1(Integer), 32(Long)
2026-05-18 20:06:37.873 [http-nio-8080-exec-1] DEBUG c.e.d.r.chat.ChatSessionMapper.countTotalUnread - <==      Total: 1
2026-05-18 20:06:37.874 [http-nio-8080-exec-2] DEBUG c.e.d.r.n.NotificationMapper.countUnreadByUserId - <==      Total: 1
2026-05-18 20:06:37.875 [http-nio-8080-exec-10] DEBUG c.e.d.r.house.HouseMapper.selectCheapHouses - ==>  Preparing: SELECT house_id as houseId, title, address, city, rent_price as rentPrice, area, house_type as houseType, images, view_count as viewCount, collect_count as collectCount FROM house WHERE status = 1 AND city LIKE CONCAT('%',?,'%') ORDER BY rent_price ASC LIMIT ?
2026-05-18 20:06:37.875 [http-nio-8080-exec-9] DEBUG c.e.d.repository.house.HouseMapper.selectHotHouses - ==>  Preparing: SELECT house_id as houseId, title, address, city, rent_price as rentPrice, area, house_type as houseType, images, view_count as viewCount, collect_count as collectCount FROM house WHERE status = 1 AND city LIKE CONCAT('%',?,'%') ORDER BY view_count DESC, collect_count DESC LIMIT ?
2026-05-18 20:06:37.876 [http-nio-8080-exec-10] DEBUG c.e.d.r.house.HouseMapper.selectCheapHouses - ==> Parameters: 无锡(String), 8(Integer)
2026-05-18 20:06:37.876 [http-nio-8080-exec-9] DEBUG c.e.d.repository.house.HouseMapper.selectHotHouses - ==> Parameters: 无锡(String), 8(Integer)
2026-05-18 20:06:37.885 [http-nio-8080-exec-9] DEBUG c.e.d.repository.house.HouseMapper.selectHotHouses - <==      Total: 8
2026-05-18 20:06:37.905 [http-nio-8080-exec-10] DEBUG c.e.d.r.house.HouseMapper.selectCheapHouses - <==      Total: 8
2026-05-18 20:06:39.721 [http-nio-8080-exec-3] DEBUG c.e.d.r.house.HouseMapper.selectList_mpCount - ==>  Preparing: SELECT COUNT(*) AS total FROM house WHERE (status = ? AND city LIKE ?)
2026-05-18 20:06:39.721 [http-nio-8080-exec-3] DEBUG c.e.d.r.house.HouseMapper.selectList_mpCount - ==> Parameters: 1(Integer), %无锡%(String)
2026-05-18 20:06:39.723 [http-nio-8080-exec-3] DEBUG c.e.d.r.house.HouseMapper.selectList_mpCount - <==      Total: 1
2026-05-18 20:06:39.727 [http-nio-8080-exec-3] DEBUG c.e.demo.repository.house.HouseMapper.selectList - ==>  Preparing: SELECT house_id,landlord_id,title,description,address,province,city,district,longitude,latitude,rent_price,deposit_type,area,house_type,floor,orientation,facilities,images,rent_option,status,audit_reason,view_count,collect_count,property_license_front,property_license_back,property_license_other,create_time,update_time FROM house WHERE (status = ? AND city LIKE ?) ORDER BY view_count DESC,create_time DESC LIMIT ?
2026-05-18 20:06:39.728 [http-nio-8080-exec-3] DEBUG c.e.demo.repository.house.HouseMapper.selectList - ==> Parameters: 1(Integer), %无锡%(String), 12(Long)
2026-05-18 20:06:39.735 [http-nio-8080-exec-3] DEBUG c.e.demo.repository.house.HouseMapper.selectList - <==      Total: 12
2026-05-18 20:06:41.704 [http-nio-8080-exec-7] DEBUG c.e.demo.repository.house.HouseMapper.selectById - ==>  Preparing: SELECT house_id,landlord_id,title,description,address,province,city,district,longitude,latitude,rent_price,deposit_type,area,house_type,floor,orientation,facilities,images,rent_option,status,audit_reason,view_count,collect_count,property_license_front,property_license_back,property_license_other,create_time,update_time FROM house WHERE house_id=?
2026-05-18 20:06:41.704 [http-nio-8080-exec-7] DEBUG c.e.demo.repository.house.HouseMapper.selectById - ==> Parameters: 391(Long)
2026-05-18 20:06:41.705 [http-nio-8080-exec-7] DEBUG c.e.demo.repository.house.HouseMapper.selectById - <==      Total: 1
2026-05-18 20:06:41.715 [http-nio-8080-exec-7] DEBUG c.e.demo.repository.house.HouseMapper.updateById - ==>  Preparing: UPDATE house SET landlord_id=?, title=?, description=?, address=?, province=?, city=?, district=?, rent_price=?, deposit_type=?, area=?, house_type=?, floor=?, orientation=?, facilities=?, images=?, rent_option=?, status=?, view_count=?, collect_count=?, create_time=?, update_time=? WHERE house_id=?
2026-05-18 20:06:41.716 [http-nio-8080-exec-7] DEBUG c.e.demo.repository.house.HouseMapper.updateById - ==> Parameters: 72(Long), 无锡滨湖区蠡湖(String), 蠡湖商圈(String), 滨湖区蠡湖(String), 江苏省(String), 无锡(String), 滨湖区(String), 5000.00(BigDecimal), 押一付一(String), 85.00(BigDecimal), 三室一厅(String), 高层/25层(String), 南北(String), ["空调","冰箱","洗衣机","热水器","宽带","电视","衣柜","床"](String), ["https://images.unsplash.com/photo-1522708323590-d24dbb6b0267?w=800","https://images.unsplash.com/photo-1560185007-c5ca9d2c014d?w=800"](String), 3(Integer), 1(Integer), 336(Integer), 57(Integer), 2026-01-11T23:15:03(LocalDateTime), 2026-01-23T15:56:21(LocalDateTime), 391(Long)
2026-05-18 20:06:41.723 [http-nio-8080-exec-7] DEBUG c.e.demo.repository.house.HouseMapper.updateById - <==    Updates: 1
2026-05-18 20:06:41.724 [http-nio-8080-exec-7] DEBUG c.e.demo.repository.user.UserMapper.selectById - ==>  Preparing: SELECT user_id,username,password,phone,email,real_name,id_card,avatar,user_type,realname_status,realname_time,realname_audit_reason,status,beans,credit_score,create_time,update_time FROM `user` WHERE user_id=?
2026-05-18 20:06:41.724 [http-nio-8080-exec-7] DEBUG c.e.demo.repository.user.UserMapper.selectById - ==> Parameters: 72(Long)
2026-05-18 20:06:41.726 [http-nio-8080-exec-7] DEBUG c.e.demo.repository.user.UserMapper.selectById - <==      Total: 1
2026-05-18 20:06:41.791 [http-nio-8080-exec-1] DEBUG c.e.demo.repository.house.HouseMapper.selectById - ==>  Preparing: SELECT house_id,landlord_id,title,description,address,province,city,district,longitude,latitude,rent_price,deposit_type,area,house_type,floor,orientation,facilities,images,rent_option,status,audit_reason,view_count,collect_count,property_license_front,property_license_back,property_license_other,create_time,update_time FROM house WHERE house_id=?
2026-05-18 20:06:41.791 [http-nio-8080-exec-1] DEBUG c.e.demo.repository.house.HouseMapper.selectById - ==> Parameters: 391(Long)
2026-05-18 20:06:41.791 [http-nio-8080-exec-2] DEBUG c.e.d.repository.house.FavoriteMapper.selectCount - ==>  Preparing: SELECT COUNT( * ) AS total FROM favorite WHERE (user_id = ? AND house_id = ?)
2026-05-18 20:06:41.791 [http-nio-8080-exec-2] DEBUG c.e.d.repository.house.FavoriteMapper.selectCount - ==> Parameters: 32(Long), 391(Long)
2026-05-18 20:06:41.792 [http-nio-8080-exec-2] DEBUG c.e.d.repository.house.FavoriteMapper.selectCount - <==      Total: 1
2026-05-18 20:06:41.792 [http-nio-8080-exec-1] DEBUG c.e.demo.repository.house.HouseMapper.selectById - <==      Total: 1
2026-05-18 20:06:41.799 [http-nio-8080-exec-1] DEBUG c.e.d.r.c.HouseCommentMapper.selectList_mpCount - ==>  Preparing: SELECT COUNT(*) AS total FROM house_comment WHERE (house_id = ? AND parent_id IS NULL AND status = ?)
2026-05-18 20:06:41.800 [http-nio-8080-exec-1] DEBUG c.e.d.r.c.HouseCommentMapper.selectList_mpCount - ==> Parameters: 391(Long), 0(Integer)
2026-05-18 20:06:41.801 [http-nio-8080-exec-1] DEBUG c.e.d.r.c.HouseCommentMapper.selectList_mpCount - <==      Total: 1
2026-05-18 20:06:43.244 [http-nio-8080-exec-9] DEBUG c.e.d.r.house.HouseMapper.selectList_mpCount - ==>  Preparing: SELECT COUNT(*) AS total FROM house WHERE (status = ? AND city LIKE ?)
2026-05-18 20:06:43.244 [http-nio-8080-exec-9] DEBUG c.e.d.r.house.HouseMapper.selectList_mpCount - ==> Parameters: 1(Integer), %无锡%(String)
2026-05-18 20:06:43.247 [http-nio-8080-exec-9] DEBUG c.e.d.r.house.HouseMapper.selectList_mpCount - <==      Total: 1
2026-05-18 20:06:43.248 [http-nio-8080-exec-9] DEBUG c.e.demo.repository.house.HouseMapper.selectList - ==>  Preparing: SELECT house_id,landlord_id,title,description,address,province,city,district,longitude,latitude,rent_price,deposit_type,area,house_type,floor,orientation,facilities,images,rent_option,status,audit_reason,view_count,collect_count,property_license_front,property_license_back,property_license_other,create_time,update_time FROM house WHERE (status = ? AND city LIKE ?) ORDER BY view_count DESC,create_time DESC LIMIT ?
2026-05-18 20:06:43.249 [http-nio-8080-exec-9] DEBUG c.e.demo.repository.house.HouseMapper.selectList - ==> Parameters: 1(Integer), %无锡%(String), 12(Long)
2026-05-18 20:06:43.258 [http-nio-8080-exec-9] DEBUG c.e.demo.repository.house.HouseMapper.selectList - <==      Total: 12
2026-05-18 20:07:07.951 [http-nio-8080-exec-10] DEBUG c.e.d.r.chat.ChatSessionMapper.countTotalUnread - ==>  Preparing: SELECT COALESCE(SUM(CASE WHEN ? = 1 THEN unread_tenant ELSE unread_landlord END), 0) FROM chat_session WHERE (session_type = 0 OR session_type IS NULL) AND ((? = 1 AND tenant_id = ?) OR (? = 2 AND landlord_id = ?))
2026-05-18 20:07:07.951 [http-nio-8080-exec-10] DEBUG c.e.d.r.chat.ChatSessionMapper.countTotalUnread - ==> Parameters: 1(Integer), 1(Integer), 32(Long), 1(Integer), 32(Long)
2026-05-18 20:07:07.952 [http-nio-8080-exec-10] DEBUG c.e.d.r.chat.ChatSessionMapper.countTotalUnread - <==      Total: 1
2026-05-18 20:07:37.937 [http-nio-8080-exec-3] DEBUG c.e.d.r.chat.ChatSessionMapper.countTotalUnread - ==>  Preparing: SELECT COALESCE(SUM(CASE WHEN ? = 1 THEN unread_tenant ELSE unread_landlord END), 0) FROM chat_session WHERE (session_type = 0 OR session_type IS NULL) AND ((? = 1 AND tenant_id = ?) OR (? = 2 AND landlord_id = ?))
2026-05-18 20:07:37.937 [http-nio-8080-exec-4] DEBUG c.e.d.r.n.NotificationMapper.countUnreadByUserId - ==>  Preparing: SELECT COUNT(*) FROM notification WHERE user_id = ? AND is_read = 0
2026-05-18 20:07:37.938 [http-nio-8080-exec-4] DEBUG c.e.d.r.n.NotificationMapper.countUnreadByUserId - ==> Parameters: 32(Long)
2026-05-18 20:07:37.938 [http-nio-8080-exec-3] DEBUG c.e.d.r.chat.ChatSessionMapper.countTotalUnread - ==> Parameters: 1(Integer), 1(Integer), 32(Long), 1(Integer), 32(Long)
2026-05-18 20:07:37.939 [http-nio-8080-exec-3] DEBUG c.e.d.r.chat.ChatSessionMapper.countTotalUnread - <==      Total: 1
2026-05-18 20:07:37.939 [http-nio-8080-exec-4] DEBUG c.e.d.r.n.NotificationMapper.countUnreadByUserId - <==      Total: 1
2026-05-18 20:08:07.951 [http-nio-8080-exec-6] DEBUG c.e.d.r.chat.ChatSessionMapper.countTotalUnread - ==>  Preparing: SELECT COALESCE(SUM(CASE WHEN ? = 1 THEN unread_tenant ELSE unread_landlord END), 0) FROM chat_session WHERE (session_type = 0 OR session_type IS NULL) AND ((? = 1 AND tenant_id = ?) OR (? = 2 AND landlord_id = ?))
2026-05-18 20:08:07.951 [http-nio-8080-exec-6] DEBUG c.e.d.r.chat.ChatSessionMapper.countTotalUnread - ==> Parameters: 1(Integer), 1(Integer), 32(Long), 1(Integer), 32(Long)
2026-05-18 20:08:07.952 [http-nio-8080-exec-6] DEBUG c.e.d.r.chat.ChatSessionMapper.countTotalUnread - <==      Total: 1
2026-05-18 20:08:37.939 [http-nio-8080-exec-2] DEBUG c.e.d.r.chat.ChatSessionMapper.countTotalUnread - ==>  Preparing: SELECT COALESCE(SUM(CASE WHEN ? = 1 THEN unread_tenant ELSE unread_landlord END), 0) FROM chat_session WHERE (session_type = 0 OR session_type IS NULL) AND ((? = 1 AND tenant_id = ?) OR (? = 2 AND landlord_id = ?))
2026-05-18 20:08:37.939 [http-nio-8080-exec-8] DEBUG c.e.d.r.n.NotificationMapper.countUnreadByUserId - ==>  Preparing: SELECT COUNT(*) FROM notification WHERE user_id = ? AND is_read = 0
2026-05-18 20:08:37.939 [http-nio-8080-exec-8] DEBUG c.e.d.r.n.NotificationMapper.countUnreadByUserId - ==> Parameters: 32(Long)
2026-05-18 20:08:37.939 [http-nio-8080-exec-2] DEBUG c.e.d.r.chat.ChatSessionMapper.countTotalUnread - ==> Parameters: 1(Integer), 1(Integer), 32(Long), 1(Integer), 32(Long)
2026-05-18 20:08:37.939 [http-nio-8080-exec-2] DEBUG c.e.d.r.chat.ChatSessionMapper.countTotalUnread - <==      Total: 1
2026-05-18 20:08:37.941 [http-nio-8080-exec-8] DEBUG c.e.d.r.n.NotificationMapper.countUnreadByUserId - <==      Total: 1
2026-05-18 20:09:07.948 [http-nio-8080-exec-1] DEBUG c.e.d.r.chat.ChatSessionMapper.countTotalUnread - ==>  Preparing: SELECT COALESCE(SUM(CASE WHEN ? = 1 THEN unread_tenant ELSE unread_landlord END), 0) FROM chat_session WHERE (session_type = 0 OR session_type IS NULL) AND ((? = 1 AND tenant_id = ?) OR (? = 2 AND landlord_id = ?))
2026-05-18 20:09:07.950 [http-nio-8080-exec-1] DEBUG c.e.d.r.chat.ChatSessionMapper.countTotalUnread - ==> Parameters: 1(Integer), 1(Integer), 32(Long), 1(Integer), 32(Long)
2026-05-18 20:09:07.950 [http-nio-8080-exec-1] DEBUG c.e.d.r.chat.ChatSessionMapper.countTotalUnread - <==      Total: 1
2026-05-18 20:09:37.949 [http-nio-8080-exec-9] DEBUG c.e.d.r.n.NotificationMapper.countUnreadByUserId - ==>  Preparing: SELECT COUNT(*) FROM notification WHERE user_id = ? AND is_read = 0
2026-05-18 20:09:37.949 [http-nio-8080-exec-10] DEBUG c.e.d.r.chat.ChatSessionMapper.countTotalUnread - ==>  Preparing: SELECT COALESCE(SUM(CASE WHEN ? = 1 THEN unread_tenant ELSE unread_landlord END), 0) FROM chat_session WHERE (session_type = 0 OR session_type IS NULL) AND ((? = 1 AND tenant_id = ?) OR (? = 2 AND landlord_id = ?))
2026-05-18 20:09:37.949 [http-nio-8080-exec-9] DEBUG c.e.d.r.n.NotificationMapper.countUnreadByUserId - ==> Parameters: 32(Long)
2026-05-18 20:09:37.949 [http-nio-8080-exec-10] DEBUG c.e.d.r.chat.ChatSessionMapper.countTotalUnread - ==> Parameters: 1(Integer), 1(Integer), 32(Long), 1(Integer), 32(Long)
2026-05-18 20:09:37.950 [http-nio-8080-exec-10] DEBUG c.e.d.r.chat.ChatSessionMapper.countTotalUnread - <==      Total: 1
2026-05-18 20:09:37.951 [http-nio-8080-exec-9] DEBUG c.e.d.r.n.NotificationMapper.countUnreadByUserId - <==      Total: 1
2026-05-18 20:10:15.941 [http-nio-8080-exec-3] DEBUG c.e.d.r.chat.ChatSessionMapper.countTotalUnread - ==>  Preparing: SELECT COALESCE(SUM(CASE WHEN ? = 1 THEN unread_tenant ELSE unread_landlord END), 0) FROM chat_session WHERE (session_type = 0 OR session_type IS NULL) AND ((? = 1 AND tenant_id = ?) OR (? = 2 AND landlord_id = ?))
2026-05-18 20:10:15.941 [http-nio-8080-exec-3] DEBUG c.e.d.r.chat.ChatSessionMapper.countTotalUnread - ==> Parameters: 1(Integer), 1(Integer), 32(Long), 1(Integer), 32(Long)
2026-05-18 20:10:15.942 [http-nio-8080-exec-3] DEBUG c.e.d.r.chat.ChatSessionMapper.countTotalUnread - <==      Total: 1
2026-05-18 20:10:37.950 [http-nio-8080-exec-4] DEBUG c.e.d.r.n.NotificationMapper.countUnreadByUserId - ==>  Preparing: SELECT COUNT(*) FROM notification WHERE user_id = ? AND is_read = 0
2026-05-18 20:10:37.950 [http-nio-8080-exec-5] DEBUG c.e.d.r.chat.ChatSessionMapper.countTotalUnread - ==>  Preparing: SELECT COALESCE(SUM(CASE WHEN ? = 1 THEN unread_tenant ELSE unread_landlord END), 0) FROM chat_session WHERE (session_type = 0 OR session_type IS NULL) AND ((? = 1 AND tenant_id = ?) OR (? = 2 AND landlord_id = ?))
2026-05-18 20:10:37.951 [http-nio-8080-exec-4] DEBUG c.e.d.r.n.NotificationMapper.countUnreadByUserId - ==> Parameters: 32(Long)
2026-05-18 20:10:37.951 [http-nio-8080-exec-5] DEBUG c.e.d.r.chat.ChatSessionMapper.countTotalUnread - ==> Parameters: 1(Integer), 1(Integer), 32(Long), 1(Integer), 32(Long)
2026-05-18 20:10:37.951 [http-nio-8080-exec-5] DEBUG c.e.d.r.chat.ChatSessionMapper.countTotalUnread - <==      Total: 1
2026-05-18 20:10:37.952 [http-nio-8080-exec-4] DEBUG c.e.d.r.n.NotificationMapper.countUnreadByUserId - <==      Total: 1
2026-05-18 20:11:07.946 [http-nio-8080-exec-7] DEBUG c.e.d.r.chat.ChatSessionMapper.countTotalUnread - ==>  Preparing: SELECT COALESCE(SUM(CASE WHEN ? = 1 THEN unread_tenant ELSE unread_landlord END), 0) FROM chat_session WHERE (session_type = 0 OR session_type IS NULL) AND ((? = 1 AND tenant_id = ?) OR (? = 2 AND landlord_id = ?))
2026-05-18 20:11:07.948 [http-nio-8080-exec-7] DEBUG c.e.d.r.chat.ChatSessionMapper.countTotalUnread - ==> Parameters: 1(Integer), 1(Integer), 32(Long), 1(Integer), 32(Long)
2026-05-18 20:11:07.948 [http-nio-8080-exec-7] DEBUG c.e.d.r.chat.ChatSessionMapper.countTotalUnread - <==      Total: 1
2026-05-18 20:11:37.935 [http-nio-8080-exec-6] DEBUG c.e.d.r.n.NotificationMapper.countUnreadByUserId - ==>  Preparing: SELECT COUNT(*) FROM notification WHERE user_id = ? AND is_read = 0
2026-05-18 20:11:37.935 [http-nio-8080-exec-6] DEBUG c.e.d.r.n.NotificationMapper.countUnreadByUserId - ==> Parameters: 32(Long)
2026-05-18 20:11:37.938 [http-nio-8080-exec-6] DEBUG c.e.d.r.n.NotificationMapper.countUnreadByUserId - <==      Total: 1
2026-05-18 20:12:08.936 [http-nio-8080-exec-2] DEBUG c.e.d.r.chat.ChatSessionMapper.countTotalUnread - ==>  Preparing: SELECT COALESCE(SUM(CASE WHEN ? = 1 THEN unread_tenant ELSE unread_landlord END), 0) FROM chat_session WHERE (session_type = 0 OR session_type IS NULL) AND ((? = 1 AND tenant_id = ?) OR (? = 2 AND landlord_id = ?))
2026-05-18 20:12:08.937 [http-nio-8080-exec-2] DEBUG c.e.d.r.chat.ChatSessionMapper.countTotalUnread - ==> Parameters: 1(Integer), 1(Integer), 32(Long), 1(Integer), 32(Long)
2026-05-18 20:12:08.938 [http-nio-8080-exec-2] DEBUG c.e.d.r.chat.ChatSessionMapper.countTotalUnread - <==      Total: 1
2026-05-18 20:12:37.942 [http-nio-8080-exec-1] DEBUG c.e.d.r.n.NotificationMapper.countUnreadByUserId - ==>  Preparing: SELECT COUNT(*) FROM notification WHERE user_id = ? AND is_read = 0
2026-05-18 20:12:37.942 [http-nio-8080-exec-1] DEBUG c.e.d.r.n.NotificationMapper.countUnreadByUserId - ==> Parameters: 32(Long)
2026-05-18 20:12:37.945 [http-nio-8080-exec-1] DEBUG c.e.d.r.n.NotificationMapper.countUnreadByUserId - <==      Total: 1
2026-05-18 20:30:38.281 [SpringApplicationShutdownHook] INFO  com.zaxxer.hikari.HikariDataSource - HikariPool-1 - Shutdown initiated...
2026-05-18 20:30:38.284 [SpringApplicationShutdownHook] INFO  com.zaxxer.hikari.HikariDataSource - HikariPool-1 - Shutdown completed.
2026-05-18 20:30:43.311 [main] INFO  com.example.demo.DemoApplication - Starting DemoApplication using Java 17.0.13 with PID 21752 (G:\house_rental\demo\target\classes started by lenovo in G:\house_rental\demo)
2026-05-18 20:30:43.312 [main] DEBUG com.example.demo.DemoApplication - Running with Spring Boot v3.5.3, Spring v6.2.8
2026-05-18 20:30:43.313 [main] INFO  com.example.demo.DemoApplication - No active profile set, falling back to 1 default profile: "default"
2026-05-18 20:30:44.802 [main] INFO  org.apache.coyote.http11.Http11NioProtocol - Initializing ProtocolHandler ["http-nio-8080"]
2026-05-18 20:30:44.803 [main] INFO  org.apache.catalina.core.StandardService - Starting service [Tomcat]
2026-05-18 20:30:44.803 [main] INFO  org.apache.catalina.core.StandardEngine - Starting Servlet engine: [Apache Tomcat/10.1.42]
2026-05-18 20:30:44.860 [main] INFO  o.a.c.core.ContainerBase.[Tomcat].[localhost].[/] - Initializing Spring embedded WebApplicationContext
2026-05-18 20:30:46.310 [main] INFO  com.example.demo.config.MvcConfig - 注册资源映射: /uploads/ -> file:///uploads
2026-05-18 20:30:46.579 [main] INFO  org.apache.coyote.http11.Http11NioProtocol - Starting ProtocolHandler ["http-nio-8080"]
2026-05-18 20:30:46.605 [main] INFO  com.example.demo.DemoApplication - Started DemoApplication in 3.854 seconds (process running for 4.451)
2026-05-18 20:31:00.708 [http-nio-8080-exec-1] INFO  o.a.c.core.ContainerBase.[Tomcat].[localhost].[/] - Initializing Spring DispatcherServlet 'dispatcherServlet'
2026-05-18 20:31:00.892 [http-nio-8080-exec-1] INFO  com.zaxxer.hikari.HikariDataSource - HikariPool-1 - Starting...
2026-05-18 20:31:01.046 [http-nio-8080-exec-1] INFO  com.zaxxer.hikari.pool.HikariPool - HikariPool-1 - Added connection com.mysql.cj.jdbc.ConnectionImpl@3257889e
2026-05-18 20:31:01.047 [http-nio-8080-exec-1] INFO  com.zaxxer.hikari.HikariDataSource - HikariPool-1 - Start completed.
2026-05-18 20:31:01.054 [http-nio-8080-exec-1] DEBUG c.e.demo.repository.user.UserMapper.selectList - ==>  Preparing: SELECT user_id,username,password,phone,email,real_name,id_card,avatar,user_type,realname_status,realname_time,realname_audit_reason,status,beans,credit_score,create_time,update_time FROM `user` WHERE (username = ? AND user_type = ?)
2026-05-18 20:31:01.078 [http-nio-8080-exec-1] DEBUG c.e.demo.repository.user.UserMapper.selectList - ==> Parameters: zkTest(String), 1(Integer)
2026-05-18 20:31:01.112 [http-nio-8080-exec-1] DEBUG c.e.demo.repository.user.UserMapper.selectList - <==      Total: 1
2026-05-18 20:31:01.400 [http-nio-8080-exec-2] DEBUG c.e.demo.repository.user.UserMapper.selectList - ==>  Preparing: SELECT user_id,username,password,phone,email,real_name,id_card,avatar,user_type,realname_status,realname_time,realname_audit_reason,status,beans,credit_score,create_time,update_time FROM `user` WHERE (username = ? AND user_type = ?)
2026-05-18 20:31:01.401 [http-nio-8080-exec-2] DEBUG c.e.demo.repository.user.UserMapper.selectList - ==> Parameters: zkTest(String), 1(Integer)
2026-05-18 20:31:01.403 [http-nio-8080-exec-2] DEBUG c.e.demo.repository.user.UserMapper.selectList - <==      Total: 1
2026-05-18 20:31:02.056 [http-nio-8080-exec-6] DEBUG c.e.d.r.chat.ChatSessionMapper.countTotalUnread - ==>  Preparing: SELECT COALESCE(SUM(CASE WHEN ? = 1 THEN unread_tenant ELSE unread_landlord END), 0) FROM chat_session WHERE (session_type = 0 OR session_type IS NULL) AND ((? = 1 AND tenant_id = ?) OR (? = 2 AND landlord_id = ?))
2026-05-18 20:31:02.056 [http-nio-8080-exec-5] DEBUG c.e.d.r.n.NotificationMapper.countUnreadByUserId - ==>  Preparing: SELECT COUNT(*) FROM notification WHERE user_id = ? AND is_read = 0
2026-05-18 20:31:02.056 [http-nio-8080-exec-5] DEBUG c.e.d.r.n.NotificationMapper.countUnreadByUserId - ==> Parameters: 32(Long)
2026-05-18 20:31:02.057 [http-nio-8080-exec-6] DEBUG c.e.d.r.chat.ChatSessionMapper.countTotalUnread - ==> Parameters: 1(Integer), 1(Integer), 32(Long), 1(Integer), 32(Long)
2026-05-18 20:31:02.058 [http-nio-8080-exec-6] DEBUG c.e.d.r.chat.ChatSessionMapper.countTotalUnread - <==      Total: 1
2026-05-18 20:31:02.059 [http-nio-8080-exec-5] DEBUG c.e.d.r.n.NotificationMapper.countUnreadByUserId - <==      Total: 1
2026-05-18 20:31:02.061 [http-nio-8080-exec-4] DEBUG c.e.d.r.house.HouseMapper.selectCheapHouses - ==>  Preparing: SELECT house_id as houseId, title, address, city, rent_price as rentPrice, area, house_type as houseType, images, view_count as viewCount, collect_count as collectCount FROM house WHERE status = 1 AND city LIKE CONCAT('%',?,'%') ORDER BY rent_price ASC LIMIT ?
2026-05-18 20:31:02.061 [http-nio-8080-exec-3] DEBUG c.e.d.repository.house.HouseMapper.selectHotHouses - ==>  Preparing: SELECT house_id as houseId, title, address, city, rent_price as rentPrice, area, house_type as houseType, images, view_count as viewCount, collect_count as collectCount FROM house WHERE status = 1 AND city LIKE CONCAT('%',?,'%') ORDER BY view_count DESC, collect_count DESC LIMIT ?
2026-05-18 20:31:02.062 [http-nio-8080-exec-3] DEBUG c.e.d.repository.house.HouseMapper.selectHotHouses - ==> Parameters: 无锡(String), 8(Integer)
2026-05-18 20:31:02.062 [http-nio-8080-exec-4] DEBUG c.e.d.r.house.HouseMapper.selectCheapHouses - ==> Parameters: 无锡(String), 8(Integer)
2026-05-18 20:31:02.074 [http-nio-8080-exec-3] DEBUG c.e.d.repository.house.HouseMapper.selectHotHouses - <==      Total: 8
2026-05-18 20:31:02.100 [http-nio-8080-exec-4] DEBUG c.e.d.r.house.HouseMapper.selectCheapHouses - <==      Total: 8
2026-05-18 20:31:03.579 [http-nio-8080-exec-7] DEBUG c.e.d.r.house.HouseMapper.selectList_mpCount - ==>  Preparing: SELECT COUNT(*) AS total FROM house WHERE (status = ? AND city LIKE ?)
2026-05-18 20:31:03.581 [http-nio-8080-exec-7] DEBUG c.e.d.r.house.HouseMapper.selectList_mpCount - ==> Parameters: 1(Integer), %无锡%(String)
2026-05-18 20:31:03.583 [http-nio-8080-exec-7] DEBUG c.e.d.r.house.HouseMapper.selectList_mpCount - <==      Total: 1
2026-05-18 20:31:03.585 [http-nio-8080-exec-7] DEBUG c.e.demo.repository.house.HouseMapper.selectList - ==>  Preparing: SELECT house_id,landlord_id,title,description,address,province,city,district,longitude,latitude,rent_price,deposit_type,area,house_type,floor,orientation,facilities,images,rent_option,status,audit_reason,view_count,collect_count,property_license_front,property_license_back,property_license_other,create_time,update_time FROM house WHERE (status = ? AND city LIKE ?) ORDER BY view_count DESC,create_time DESC LIMIT ?
2026-05-18 20:31:03.586 [http-nio-8080-exec-7] DEBUG c.e.demo.repository.house.HouseMapper.selectList - ==> Parameters: 1(Integer), %无锡%(String), 12(Long)
2026-05-18 20:31:03.593 [http-nio-8080-exec-7] DEBUG c.e.demo.repository.house.HouseMapper.selectList - <==      Total: 12
2026-05-18 20:31:04.497 [http-nio-8080-exec-9] DEBUG c.e.demo.repository.house.HouseMapper.selectById - ==>  Preparing: SELECT house_id,landlord_id,title,description,address,province,city,district,longitude,latitude,rent_price,deposit_type,area,house_type,floor,orientation,facilities,images,rent_option,status,audit_reason,view_count,collect_count,property_license_front,property_license_back,property_license_other,create_time,update_time FROM house WHERE house_id=?
2026-05-18 20:31:04.498 [http-nio-8080-exec-9] DEBUG c.e.demo.repository.house.HouseMapper.selectById - ==> Parameters: 401(Long)
2026-05-18 20:31:04.499 [http-nio-8080-exec-9] DEBUG c.e.demo.repository.house.HouseMapper.selectById - <==      Total: 1
2026-05-18 20:31:04.506 [http-nio-8080-exec-9] DEBUG c.e.demo.repository.house.HouseMapper.updateById - ==>  Preparing: UPDATE house SET landlord_id=?, title=?, description=?, address=?, province=?, city=?, district=?, rent_price=?, deposit_type=?, area=?, house_type=?, floor=?, orientation=?, facilities=?, images=?, rent_option=?, status=?, view_count=?, collect_count=?, create_time=?, update_time=? WHERE house_id=?
2026-05-18 20:31:04.507 [http-nio-8080-exec-9] DEBUG c.e.demo.repository.house.HouseMapper.updateById - ==> Parameters: 73(Long), 无锡滨湖区太湖新城(String), 太湖新城(String), 滨湖区太湖新城(String), 江苏省(String), 无锡(String), 滨湖区(String), 6000.00(BigDecimal), 押一付一(String), 95.00(BigDecimal), 三室两厅(String), 高层/30层(String), 南(String), ["空调","冰箱","洗衣机","热水器","宽带","电视","衣柜","床"](String), ["https://images.unsplash.com/photo-1493809842364-78817add7ffb?w=800","https://images.unsplash.com/photo-1484154218962-a197022b5858?w=800"](String), 3(Integer), 1(Integer), 441(Integer), 62(Integer), 2026-01-11T23:15:03(LocalDateTime), 2026-03-27T14:45:13(LocalDateTime), 401(Long)
2026-05-18 20:31:04.519 [http-nio-8080-exec-9] DEBUG c.e.demo.repository.house.HouseMapper.updateById - <==    Updates: 1
2026-05-18 20:31:04.520 [http-nio-8080-exec-9] DEBUG c.e.demo.repository.user.UserMapper.selectById - ==>  Preparing: SELECT user_id,username,password,phone,email,real_name,id_card,avatar,user_type,realname_status,realname_time,realname_audit_reason,status,beans,credit_score,create_time,update_time FROM `user` WHERE user_id=?
2026-05-18 20:31:04.520 [http-nio-8080-exec-9] DEBUG c.e.demo.repository.user.UserMapper.selectById - ==> Parameters: 73(Long)
2026-05-18 20:31:04.521 [http-nio-8080-exec-9] DEBUG c.e.demo.repository.user.UserMapper.selectById - <==      Total: 1
2026-05-18 20:31:04.590 [http-nio-8080-exec-6] DEBUG c.e.demo.repository.house.HouseMapper.selectById - ==>  Preparing: SELECT house_id,landlord_id,title,description,address,province,city,district,longitude,latitude,rent_price,deposit_type,area,house_type,floor,orientation,facilities,images,rent_option,status,audit_reason,view_count,collect_count,property_license_front,property_license_back,property_license_other,create_time,update_time FROM house WHERE house_id=?
2026-05-18 20:31:04.590 [http-nio-8080-exec-6] DEBUG c.e.demo.repository.house.HouseMapper.selectById - ==> Parameters: 401(Long)
2026-05-18 20:31:04.590 [http-nio-8080-exec-2] DEBUG c.e.d.repository.house.FavoriteMapper.selectCount - ==>  Preparing: SELECT COUNT( * ) AS total FROM favorite WHERE (user_id = ? AND house_id = ?)
2026-05-18 20:31:04.590 [http-nio-8080-exec-2] DEBUG c.e.d.repository.house.FavoriteMapper.selectCount - ==> Parameters: 32(Long), 401(Long)
2026-05-18 20:31:04.591 [http-nio-8080-exec-6] DEBUG c.e.demo.repository.house.HouseMapper.selectById - <==      Total: 1
2026-05-18 20:31:04.591 [http-nio-8080-exec-2] DEBUG c.e.d.repository.house.FavoriteMapper.selectCount - <==      Total: 1
2026-05-18 20:31:04.599 [http-nio-8080-exec-6] DEBUG c.e.d.r.c.HouseCommentMapper.selectList_mpCount - ==>  Preparing: SELECT COUNT(*) AS total FROM house_comment WHERE (house_id = ? AND parent_id IS NULL AND status = ?)
2026-05-18 20:31:04.601 [http-nio-8080-exec-6] DEBUG c.e.d.r.c.HouseCommentMapper.selectList_mpCount - ==> Parameters: 401(Long), 0(Integer)
2026-05-18 20:31:04.603 [http-nio-8080-exec-6] DEBUG c.e.d.r.c.HouseCommentMapper.selectList_mpCount - <==      Total: 1
2026-05-18 20:31:04.603 [http-nio-8080-exec-6] DEBUG c.e.d.r.comment.HouseCommentMapper.selectList - ==>  Preparing: SELECT comment_id,house_id,user_id,parent_id,reply_to_user_id,content,has_rented,like_count,status,create_time FROM house_comment WHERE (house_id = ? AND parent_id IS NULL AND status = ?) ORDER BY create_time DESC LIMIT ?
2026-05-18 20:31:04.604 [http-nio-8080-exec-6] DEBUG c.e.d.r.comment.HouseCommentMapper.selectList - ==> Parameters: 401(Long), 0(Integer), 20(Long)
2026-05-18 20:31:04.605 [http-nio-8080-exec-6] DEBUG c.e.d.r.comment.HouseCommentMapper.selectList - <==      Total: 3
2026-05-18 20:31:04.605 [http-nio-8080-exec-6] DEBUG c.e.demo.repository.user.UserMapper.selectById - ==>  Preparing: SELECT user_id,username,password,phone,email,real_name,id_card,avatar,user_type,realname_status,realname_time,realname_audit_reason,status,beans,credit_score,create_time,update_time FROM `user` WHERE user_id=?
2026-05-18 20:31:04.606 [http-nio-8080-exec-6] DEBUG c.e.demo.repository.user.UserMapper.selectById - ==> Parameters: 32(Long)
2026-05-18 20:31:04.607 [http-nio-8080-exec-6] DEBUG c.e.demo.repository.user.UserMapper.selectById - <==      Total: 1
2026-05-18 20:31:04.611 [http-nio-8080-exec-6] DEBUG c.e.d.r.comment.HouseCommentMapper.selectList - ==>  Preparing: SELECT comment_id,house_id,user_id,parent_id,reply_to_user_id,content,has_rented,like_count,status,create_time FROM house_comment WHERE (parent_id = ? AND status = ?) ORDER BY create_time ASC
2026-05-18 20:31:04.612 [http-nio-8080-exec-6] DEBUG c.e.d.r.comment.HouseCommentMapper.selectList - ==> Parameters: 12(Long), 0(Integer)
2026-05-18 20:31:04.613 [http-nio-8080-exec-6] DEBUG c.e.d.r.comment.HouseCommentMapper.selectList - <==      Total: 0
2026-05-18 20:31:04.614 [http-nio-8080-exec-6] DEBUG c.e.demo.repository.user.UserMapper.selectById - ==>  Preparing: SELECT user_id,username,password,phone,email,real_name,id_card,avatar,user_type,realname_status,realname_time,realname_audit_reason,status,beans,credit_score,create_time,update_time FROM `user` WHERE user_id=?
2026-05-18 20:31:04.615 [http-nio-8080-exec-6] DEBUG c.e.demo.repository.user.UserMapper.selectById - ==> Parameters: 32(Long)
2026-05-18 20:31:04.616 [http-nio-8080-exec-6] DEBUG c.e.demo.repository.user.UserMapper.selectById - <==      Total: 1
2026-05-18 20:31:04.617 [http-nio-8080-exec-6] DEBUG c.e.d.r.comment.HouseCommentMapper.selectList - ==>  Preparing: SELECT comment_id,house_id,user_id,parent_id,reply_to_user_id,content,has_rented,like_count,status,create_time FROM house_comment WHERE (parent_id = ? AND status = ?) ORDER BY create_time ASC
2026-05-18 20:31:04.618 [http-nio-8080-exec-6] DEBUG c.e.d.r.comment.HouseCommentMapper.selectList - ==> Parameters: 8(Long), 0(Integer)
2026-05-18 20:31:04.619 [http-nio-8080-exec-6] DEBUG c.e.d.r.comment.HouseCommentMapper.selectList - <==      Total: 0
2026-05-18 20:31:04.619 [http-nio-8080-exec-6] DEBUG c.e.demo.repository.user.UserMapper.selectById - ==>  Preparing: SELECT user_id,username,password,phone,email,real_name,id_card,avatar,user_type,realname_status,realname_time,realname_audit_reason,status,beans,credit_score,create_time,update_time FROM `user` WHERE user_id=?
2026-05-18 20:31:04.619 [http-nio-8080-exec-6] DEBUG c.e.demo.repository.user.UserMapper.selectById - ==> Parameters: 32(Long)
2026-05-18 20:31:04.620 [http-nio-8080-exec-6] DEBUG c.e.demo.repository.user.UserMapper.selectById - <==      Total: 1
2026-05-18 20:31:04.621 [http-nio-8080-exec-6] DEBUG c.e.d.r.comment.HouseCommentMapper.selectList - ==>  Preparing: SELECT comment_id,house_id,user_id,parent_id,reply_to_user_id,content,has_rented,like_count,status,create_time FROM house_comment WHERE (parent_id = ? AND status = ?) ORDER BY create_time ASC
2026-05-18 20:31:04.621 [http-nio-8080-exec-6] DEBUG c.e.d.r.comment.HouseCommentMapper.selectList - ==> Parameters: 1(Long), 0(Integer)
2026-05-18 20:31:04.621 [http-nio-8080-exec-6] DEBUG c.e.d.r.comment.HouseCommentMapper.selectList - <==      Total: 0
2026-05-18 20:31:09.377 [http-nio-8080-exec-3] DEBUG c.e.demo.repository.house.HouseMapper.selectById - ==>  Preparing: SELECT house_id,landlord_id,title,description,address,province,city,district,longitude,latitude,rent_price,deposit_type,area,house_type,floor,orientation,facilities,images,rent_option,status,audit_reason,view_count,collect_count,property_license_front,property_license_back,property_license_other,create_time,update_time FROM house WHERE house_id=?
2026-05-18 20:31:09.377 [http-nio-8080-exec-3] DEBUG c.e.demo.repository.house.HouseMapper.selectById - ==> Parameters: 401(Long)
2026-05-18 20:31:09.378 [http-nio-8080-exec-3] DEBUG c.e.demo.repository.house.HouseMapper.selectById - <==      Total: 1
2026-05-18 20:31:09.379 [http-nio-8080-exec-3] DEBUG c.e.d.r.comment.HouseCommentMapper.checkHasRented - ==>  Preparing: SELECT COUNT(*) FROM rental_contract WHERE house_id = ? AND tenant_id = ? AND status IN (2, 3)
2026-05-18 20:31:09.379 [http-nio-8080-exec-3] DEBUG c.e.d.r.comment.HouseCommentMapper.checkHasRented - ==> Parameters: 401(Long), 32(Long)
2026-05-18 20:31:09.397 [http-nio-8080-exec-3] DEBUG c.e.d.r.comment.HouseCommentMapper.checkHasRented - <==      Total: 1
2026-05-18 20:31:09.400 [http-nio-8080-exec-3] DEBUG c.e.d.repository.comment.HouseCommentMapper.insert - ==>  Preparing: INSERT INTO house_comment ( house_id, user_id, content, has_rented, like_count, status, create_time ) VALUES ( ?, ?, ?, ?, ?, ?, ? )
2026-05-18 20:31:09.401 [http-nio-8080-exec-3] DEBUG c.e.d.repository.comment.HouseCommentMapper.insert - ==> Parameters: 401(Long), 32(Long), 234567(String), false(Boolean), 0(Integer), 0(Integer), 2026-05-18T20:31:09.397304900(LocalDateTime)
2026-05-18 20:31:09.404 [http-nio-8080-exec-3] DEBUG c.e.d.repository.comment.HouseCommentMapper.insert - <==    Updates: 1
2026-05-18 20:31:09.406 [http-nio-8080-exec-3] DEBUG c.e.demo.repository.user.UserMapper.selectById - ==>  Preparing: SELECT user_id,username,password,phone,email,real_name,id_card,avatar,user_type,realname_status,realname_time,realname_audit_reason,status,beans,credit_score,create_time,update_time FROM `user` WHERE user_id=?
2026-05-18 20:31:09.407 [http-nio-8080-exec-3] DEBUG c.e.demo.repository.user.UserMapper.selectById - ==> Parameters: 32(Long)
2026-05-18 20:31:09.407 [http-nio-8080-exec-3] DEBUG c.e.demo.repository.user.UserMapper.selectById - <==      Total: 1
2026-05-18 20:31:09.422 [http-nio-8080-exec-4] DEBUG c.e.demo.repository.house.HouseMapper.selectById - ==>  Preparing: SELECT house_id,landlord_id,title,description,address,province,city,district,longitude,latitude,rent_price,deposit_type,area,house_type,floor,orientation,facilities,images,rent_option,status,audit_reason,view_count,collect_count,property_license_front,property_license_back,property_license_other,create_time,update_time FROM house WHERE house_id=?
2026-05-18 20:31:09.423 [http-nio-8080-exec-4] DEBUG c.e.demo.repository.house.HouseMapper.selectById - ==> Parameters: 401(Long)
2026-05-18 20:31:09.428 [http-nio-8080-exec-4] DEBUG c.e.demo.repository.house.HouseMapper.selectById - <==      Total: 1
2026-05-18 20:31:09.431 [http-nio-8080-exec-4] DEBUG c.e.d.r.c.HouseCommentMapper.selectList_mpCount - ==>  Preparing: SELECT COUNT(*) AS total FROM house_comment WHERE (house_id = ? AND parent_id IS NULL AND status = ?)
2026-05-18 20:31:09.431 [http-nio-8080-exec-4] DEBUG c.e.d.r.c.HouseCommentMapper.selectList_mpCount - ==> Parameters: 401(Long), 0(Integer)
2026-05-18 20:31:09.432 [http-nio-8080-exec-4] DEBUG c.e.d.r.c.HouseCommentMapper.selectList_mpCount - <==      Total: 1
2026-05-18 20:31:09.432 [http-nio-8080-exec-4] DEBUG c.e.d.r.comment.HouseCommentMapper.selectList - ==>  Preparing: SELECT comment_id,house_id,user_id,parent_id,reply_to_user_id,content,has_rented,like_count,status,create_time FROM house_comment WHERE (house_id = ? AND parent_id IS NULL AND status = ?) ORDER BY create_time DESC LIMIT ?
2026-05-18 20:31:09.433 [http-nio-8080-exec-4] DEBUG c.e.d.r.comment.HouseCommentMapper.selectList - ==> Parameters: 401(Long), 0(Integer), 20(Long)
2026-05-18 20:31:09.434 [http-nio-8080-exec-4] DEBUG c.e.d.r.comment.HouseCommentMapper.selectList - <==      Total: 4
2026-05-18 20:31:09.434 [http-nio-8080-exec-4] DEBUG c.e.demo.repository.user.UserMapper.selectById - ==>  Preparing: SELECT user_id,username,password,phone,email,real_name,id_card,avatar,user_type,realname_status,realname_time,realname_audit_reason,status,beans,credit_score,create_time,update_time FROM `user` WHERE user_id=?
2026-05-18 20:31:09.434 [http-nio-8080-exec-4] DEBUG c.e.demo.repository.user.UserMapper.selectById - ==> Parameters: 32(Long)
2026-05-18 20:31:09.435 [http-nio-8080-exec-4] DEBUG c.e.demo.repository.user.UserMapper.selectById - <==      Total: 1
2026-05-18 20:31:09.435 [http-nio-8080-exec-4] DEBUG c.e.d.r.comment.HouseCommentMapper.selectList - ==>  Preparing: SELECT comment_id,house_id,user_id,parent_id,reply_to_user_id,content,has_rented,like_count,status,create_time FROM house_comment WHERE (parent_id = ? AND status = ?) ORDER BY create_time ASC
2026-05-18 20:31:09.436 [http-nio-8080-exec-4] DEBUG c.e.d.r.comment.HouseCommentMapper.selectList - ==> Parameters: 17(Long), 0(Integer)
2026-05-18 20:31:09.436 [http-nio-8080-exec-4] DEBUG c.e.d.r.comment.HouseCommentMapper.selectList - <==      Total: 0
2026-05-18 20:31:09.436 [http-nio-8080-exec-4] DEBUG c.e.demo.repository.user.UserMapper.selectById - ==>  Preparing: SELECT user_id,username,password,phone,email,real_name,id_card,avatar,user_type,realname_status,realname_time,realname_audit_reason,status,beans,credit_score,create_time,update_time FROM `user` WHERE user_id=?
2026-05-18 20:31:09.436 [http-nio-8080-exec-4] DEBUG c.e.demo.repository.user.UserMapper.selectById - ==> Parameters: 32(Long)
2026-05-18 20:31:09.437 [http-nio-8080-exec-4] DEBUG c.e.demo.repository.user.UserMapper.selectById - <==      Total: 1
2026-05-18 20:31:09.438 [http-nio-8080-exec-4] DEBUG c.e.d.r.comment.HouseCommentMapper.selectList - ==>  Preparing: SELECT comment_id,house_id,user_id,parent_id,reply_to_user_id,content,has_rented,like_count,status,create_time FROM house_comment WHERE (parent_id = ? AND status = ?) ORDER BY create_time ASC
2026-05-18 20:31:09.438 [http-nio-8080-exec-4] DEBUG c.e.d.r.comment.HouseCommentMapper.selectList - ==> Parameters: 12(Long), 0(Integer)
2026-05-18 20:31:09.439 [http-nio-8080-exec-4] DEBUG c.e.d.r.comment.HouseCommentMapper.selectList - <==      Total: 0
2026-05-18 20:31:09.439 [http-nio-8080-exec-4] DEBUG c.e.demo.repository.user.UserMapper.selectById - ==>  Preparing: SELECT user_id,username,password,phone,email,real_name,id_card,avatar,user_type,realname_status,realname_time,realname_audit_reason,status,beans,credit_score,create_time,update_time FROM `user` WHERE user_id=?
2026-05-18 20:31:09.439 [http-nio-8080-exec-4] DEBUG c.e.demo.repository.user.UserMapper.selectById - ==> Parameters: 32(Long)
2026-05-18 20:31:09.440 [http-nio-8080-exec-4] DEBUG c.e.demo.repository.user.UserMapper.selectById - <==      Total: 1
2026-05-18 20:31:09.441 [http-nio-8080-exec-4] DEBUG c.e.d.r.comment.HouseCommentMapper.selectList - ==>  Preparing: SELECT comment_id,house_id,user_id,parent_id,reply_to_user_id,content,has_rented,like_count,status,create_time FROM house_comment WHERE (parent_id = ? AND status = ?) ORDER BY create_time ASC
2026-05-18 20:31:09.441 [http-nio-8080-exec-4] DEBUG c.e.d.r.comment.HouseCommentMapper.selectList - ==> Parameters: 8(Long), 0(Integer)
2026-05-18 20:31:09.441 [http-nio-8080-exec-4] DEBUG c.e.d.r.comment.HouseCommentMapper.selectList - <==      Total: 0
2026-05-18 20:31:09.442 [http-nio-8080-exec-4] DEBUG c.e.demo.repository.user.UserMapper.selectById - ==>  Preparing: SELECT user_id,username,password,phone,email,real_name,id_card,avatar,user_type,realname_status,realname_time,realname_audit_reason,status,beans,credit_score,create_time,update_time FROM `user` WHERE user_id=?
2026-05-18 20:31:09.442 [http-nio-8080-exec-4] DEBUG c.e.demo.repository.user.UserMapper.selectById - ==> Parameters: 32(Long)
2026-05-18 20:31:09.443 [http-nio-8080-exec-4] DEBUG c.e.demo.repository.user.UserMapper.selectById - <==      Total: 1
2026-05-18 20:31:09.443 [http-nio-8080-exec-4] DEBUG c.e.d.r.comment.HouseCommentMapper.selectList - ==>  Preparing: SELECT comment_id,house_id,user_id,parent_id,reply_to_user_id,content,has_rented,like_count,status,create_time FROM house_comment WHERE (parent_id = ? AND status = ?) ORDER BY create_time ASC
2026-05-18 20:31:09.444 [http-nio-8080-exec-4] DEBUG c.e.d.r.comment.HouseCommentMapper.selectList - ==> Parameters: 1(Long), 0(Integer)
2026-05-18 20:31:09.444 [http-nio-8080-exec-4] DEBUG c.e.d.r.comment.HouseCommentMapper.selectList - <==      Total: 0
2026-05-18 20:31:32.950 [http-nio-8080-exec-7] DEBUG c.e.d.r.chat.ChatSessionMapper.countTotalUnread - ==>  Preparing: SELECT COALESCE(SUM(CASE WHEN ? = 1 THEN unread_tenant ELSE unread_landlord END), 0) FROM chat_session WHERE (session_type = 0 OR session_type IS NULL) AND ((? = 1 AND tenant_id = ?) OR (? = 2 AND landlord_id = ?))
2026-05-18 20:31:32.951 [http-nio-8080-exec-7] DEBUG c.e.d.r.chat.ChatSessionMapper.countTotalUnread - ==> Parameters: 1(Integer), 1(Integer), 32(Long), 1(Integer), 32(Long)
2026-05-18 20:31:32.952 [http-nio-8080-exec-7] DEBUG c.e.d.r.chat.ChatSessionMapper.countTotalUnread - <==      Total: 1
2026-05-18 20:32:02.939 [http-nio-8080-exec-10] DEBUG c.e.d.r.chat.ChatSessionMapper.countTotalUnread - ==>  Preparing: SELECT COALESCE(SUM(CASE WHEN ? = 1 THEN unread_tenant ELSE unread_landlord END), 0) FROM chat_session WHERE (session_type = 0 OR session_type IS NULL) AND ((? = 1 AND tenant_id = ?) OR (? = 2 AND landlord_id = ?))
2026-05-18 20:32:02.939 [http-nio-8080-exec-1] DEBUG c.e.d.r.n.NotificationMapper.countUnreadByUserId - ==>  Preparing: SELECT COUNT(*) FROM notification WHERE user_id = ? AND is_read = 0
2026-05-18 20:32:02.939 [http-nio-8080-exec-1] DEBUG c.e.d.r.n.NotificationMapper.countUnreadByUserId - ==> Parameters: 32(Long)
2026-05-18 20:32:02.939 [http-nio-8080-exec-10] DEBUG c.e.d.r.chat.ChatSessionMapper.countTotalUnread - ==> Parameters: 1(Integer), 1(Integer), 32(Long), 1(Integer), 32(Long)
2026-05-18 20:32:02.940 [http-nio-8080-exec-10] DEBUG c.e.d.r.chat.ChatSessionMapper.countTotalUnread - <==      Total: 1
2026-05-18 20:32:02.941 [http-nio-8080-exec-1] DEBUG c.e.d.r.n.NotificationMapper.countUnreadByUserId - <==      Total: 1
2026-05-18 20:32:32.942 [http-nio-8080-exec-2] DEBUG c.e.d.r.chat.ChatSessionMapper.countTotalUnread - ==>  Preparing: SELECT COALESCE(SUM(CASE WHEN ? = 1 THEN unread_tenant ELSE unread_landlord END), 0) FROM chat_session WHERE (session_type = 0 OR session_type IS NULL) AND ((? = 1 AND tenant_id = ?) OR (? = 2 AND landlord_id = ?))
2026-05-18 20:32:32.942 [http-nio-8080-exec-2] DEBUG c.e.d.r.chat.ChatSessionMapper.countTotalUnread - ==> Parameters: 1(Integer), 1(Integer), 32(Long), 1(Integer), 32(Long)
2026-05-18 20:32:32.943 [http-nio-8080-exec-2] DEBUG c.e.d.r.chat.ChatSessionMapper.countTotalUnread - <==      Total: 1
2026-05-18 20:33:02.940 [http-nio-8080-exec-6] DEBUG c.e.d.r.n.NotificationMapper.countUnreadByUserId - ==>  Preparing: SELECT COUNT(*) FROM notification WHERE user_id = ? AND is_read = 0
2026-05-18 20:33:02.940 [http-nio-8080-exec-5] DEBUG c.e.d.r.chat.ChatSessionMapper.countTotalUnread - ==>  Preparing: SELECT COALESCE(SUM(CASE WHEN ? = 1 THEN unread_tenant ELSE unread_landlord END), 0) FROM chat_session WHERE (session_type = 0 OR session_type IS NULL) AND ((? = 1 AND tenant_id = ?) OR (? = 2 AND landlord_id = ?))
2026-05-18 20:33:02.940 [http-nio-8080-exec-6] DEBUG c.e.d.r.n.NotificationMapper.countUnreadByUserId - ==> Parameters: 32(Long)
2026-05-18 20:33:02.940 [http-nio-8080-exec-5] DEBUG c.e.d.r.chat.ChatSessionMapper.countTotalUnread - ==> Parameters: 1(Integer), 1(Integer), 32(Long), 1(Integer), 32(Long)
2026-05-18 20:33:02.941 [http-nio-8080-exec-5] DEBUG c.e.d.r.chat.ChatSessionMapper.countTotalUnread - <==      Total: 1
2026-05-18 20:33:02.942 [http-nio-8080-exec-6] DEBUG c.e.d.r.n.NotificationMapper.countUnreadByUserId - <==      Total: 1
2026-05-18 20:33:32.935 [http-nio-8080-exec-3] DEBUG c.e.d.r.chat.ChatSessionMapper.countTotalUnread - ==>  Preparing: SELECT COALESCE(SUM(CASE WHEN ? = 1 THEN unread_tenant ELSE unread_landlord END), 0) FROM chat_session WHERE (session_type = 0 OR session_type IS NULL) AND ((? = 1 AND tenant_id = ?) OR (? = 2 AND landlord_id = ?))
2026-05-18 20:33:32.935 [http-nio-8080-exec-3] DEBUG c.e.d.r.chat.ChatSessionMapper.countTotalUnread - ==> Parameters: 1(Integer), 1(Integer), 32(Long), 1(Integer), 32(Long)
2026-05-18 20:33:32.937 [http-nio-8080-exec-3] DEBUG c.e.d.r.chat.ChatSessionMapper.countTotalUnread - <==      Total: 1
2026-05-18 20:34:02.936 [http-nio-8080-exec-4] DEBUG c.e.d.r.n.NotificationMapper.countUnreadByUserId - ==>  Preparing: SELECT COUNT(*) FROM notification WHERE user_id = ? AND is_read = 0
2026-05-18 20:34:02.936 [http-nio-8080-exec-7] DEBUG c.e.d.r.chat.ChatSessionMapper.countTotalUnread - ==>  Preparing: SELECT COALESCE(SUM(CASE WHEN ? = 1 THEN unread_tenant ELSE unread_landlord END), 0) FROM chat_session WHERE (session_type = 0 OR session_type IS NULL) AND ((? = 1 AND tenant_id = ?) OR (? = 2 AND landlord_id = ?))
2026-05-18 20:34:02.936 [http-nio-8080-exec-4] DEBUG c.e.d.r.n.NotificationMapper.countUnreadByUserId - ==> Parameters: 32(Long)
2026-05-18 20:34:02.936 [http-nio-8080-exec-7] DEBUG c.e.d.r.chat.ChatSessionMapper.countTotalUnread - ==> Parameters: 1(Integer), 1(Integer), 32(Long), 1(Integer), 32(Long)
2026-05-18 20:34:02.937 [http-nio-8080-exec-7] DEBUG c.e.d.r.chat.ChatSessionMapper.countTotalUnread - <==      Total: 1
2026-05-18 20:34:02.938 [http-nio-8080-exec-4] DEBUG c.e.d.r.n.NotificationMapper.countUnreadByUserId - <==      Total: 1
2026-05-18 20:35:02.946 [http-nio-8080-exec-8] DEBUG c.e.d.r.n.NotificationMapper.countUnreadByUserId - ==>  Preparing: SELECT COUNT(*) FROM notification WHERE user_id = ? AND is_read = 0
2026-05-18 20:35:02.946 [http-nio-8080-exec-8] DEBUG c.e.d.r.n.NotificationMapper.countUnreadByUserId - ==> Parameters: 32(Long)
2026-05-18 20:35:02.949 [http-nio-8080-exec-8] DEBUG c.e.d.r.n.NotificationMapper.countUnreadByUserId - <==      Total: 1
2026-05-18 20:35:15.946 [http-nio-8080-exec-10] DEBUG c.e.d.r.chat.ChatSessionMapper.countTotalUnread - ==>  Preparing: SELECT COALESCE(SUM(CASE WHEN ? = 1 THEN unread_tenant ELSE unread_landlord END), 0) FROM chat_session WHERE (session_type = 0 OR session_type IS NULL) AND ((? = 1 AND tenant_id = ?) OR (? = 2 AND landlord_id = ?))
2026-05-18 20:35:15.948 [http-nio-8080-exec-10] DEBUG c.e.d.r.chat.ChatSessionMapper.countTotalUnread - ==> Parameters: 1(Integer), 1(Integer), 32(Long), 1(Integer), 32(Long)
2026-05-18 20:35:15.948 [http-nio-8080-exec-10] DEBUG c.e.d.r.chat.ChatSessionMapper.countTotalUnread - <==      Total: 1
2026-05-18 20:36:02.950 [http-nio-8080-exec-1] DEBUG c.e.d.r.n.NotificationMapper.countUnreadByUserId - ==>  Preparing: SELECT COUNT(*) FROM notification WHERE user_id = ? AND is_read = 0
2026-05-18 20:36:02.950 [http-nio-8080-exec-1] DEBUG c.e.d.r.n.NotificationMapper.countUnreadByUserId - ==> Parameters: 32(Long)
2026-05-18 20:36:02.952 [http-nio-8080-exec-1] DEBUG c.e.d.r.n.NotificationMapper.countUnreadByUserId - <==      Total: 1
2026-05-18 20:36:15.948 [http-nio-8080-exec-2] DEBUG c.e.d.r.chat.ChatSessionMapper.countTotalUnread - ==>  Preparing: SELECT COALESCE(SUM(CASE WHEN ? = 1 THEN unread_tenant ELSE unread_landlord END), 0) FROM chat_session WHERE (session_type = 0 OR session_type IS NULL) AND ((? = 1 AND tenant_id = ?) OR (? = 2 AND landlord_id = ?))
2026-05-18 20:36:15.948 [http-nio-8080-exec-2] DEBUG c.e.d.r.chat.ChatSessionMapper.countTotalUnread - ==> Parameters: 1(Integer), 1(Integer), 32(Long), 1(Integer), 32(Long)
2026-05-18 20:36:15.949 [http-nio-8080-exec-2] DEBUG c.e.d.r.chat.ChatSessionMapper.countTotalUnread - <==      Total: 1
2026-05-18 20:37:02.948 [http-nio-8080-exec-6] DEBUG c.e.d.r.n.NotificationMapper.countUnreadByUserId - ==>  Preparing: SELECT COUNT(*) FROM notification WHERE user_id = ? AND is_read = 0
2026-05-18 20:37:02.949 [http-nio-8080-exec-6] DEBUG c.e.d.r.n.NotificationMapper.countUnreadByUserId - ==> Parameters: 32(Long)
2026-05-18 20:37:02.951 [http-nio-8080-exec-6] DEBUG c.e.d.r.n.NotificationMapper.countUnreadByUserId - <==      Total: 1
2026-05-18 20:37:15.944 [http-nio-8080-exec-7] DEBUG c.e.d.r.chat.ChatSessionMapper.countTotalUnread - ==>  Preparing: SELECT COALESCE(SUM(CASE WHEN ? = 1 THEN unread_tenant ELSE unread_landlord END), 0) FROM chat_session WHERE (session_type = 0 OR session_type IS NULL) AND ((? = 1 AND tenant_id = ?) OR (? = 2 AND landlord_id = ?))
2026-05-18 20:37:15.945 [http-nio-8080-exec-7] DEBUG c.e.d.r.chat.ChatSessionMapper.countTotalUnread - ==> Parameters: 1(Integer), 1(Integer), 32(Long), 1(Integer), 32(Long)
2026-05-18 20:37:15.945 [http-nio-8080-exec-7] DEBUG c.e.d.r.chat.ChatSessionMapper.countTotalUnread - <==      Total: 1
2026-05-18 20:38:15.945 [http-nio-8080-exec-4] DEBUG c.e.d.r.chat.ChatSessionMapper.countTotalUnread - ==>  Preparing: SELECT COALESCE(SUM(CASE WHEN ? = 1 THEN unread_tenant ELSE unread_landlord END), 0) FROM chat_session WHERE (session_type = 0 OR session_type IS NULL) AND ((? = 1 AND tenant_id = ?) OR (? = 2 AND landlord_id = ?))
2026-05-18 20:38:15.945 [http-nio-8080-exec-8] DEBUG c.e.d.r.n.NotificationMapper.countUnreadByUserId - ==>  Preparing: SELECT COUNT(*) FROM notification WHERE user_id = ? AND is_read = 0
2026-05-18 20:38:15.947 [http-nio-8080-exec-8] DEBUG c.e.d.r.n.NotificationMapper.countUnreadByUserId - ==> Parameters: 32(Long)
2026-05-18 20:38:15.947 [http-nio-8080-exec-4] DEBUG c.e.d.r.chat.ChatSessionMapper.countTotalUnread - ==> Parameters: 1(Integer), 1(Integer), 32(Long), 1(Integer), 32(Long)
2026-05-18 20:38:15.947 [http-nio-8080-exec-4] DEBUG c.e.d.r.chat.ChatSessionMapper.countTotalUnread - <==      Total: 1
2026-05-18 20:38:15.948 [http-nio-8080-exec-8] DEBUG c.e.d.r.n.NotificationMapper.countUnreadByUserId - <==      Total: 1
2026-05-18 20:39:15.951 [http-nio-8080-exec-9] DEBUG c.e.d.r.chat.ChatSessionMapper.countTotalUnread - ==>  Preparing: SELECT COALESCE(SUM(CASE WHEN ? = 1 THEN unread_tenant ELSE unread_landlord END), 0) FROM chat_session WHERE (session_type = 0 OR session_type IS NULL) AND ((? = 1 AND tenant_id = ?) OR (? = 2 AND landlord_id = ?))
2026-05-18 20:39:15.951 [http-nio-8080-exec-10] DEBUG c.e.d.r.n.NotificationMapper.countUnreadByUserId - ==>  Preparing: SELECT COUNT(*) FROM notification WHERE user_id = ? AND is_read = 0
2026-05-18 20:39:15.951 [http-nio-8080-exec-10] DEBUG c.e.d.r.n.NotificationMapper.countUnreadByUserId - ==> Parameters: 32(Long)
2026-05-18 20:39:15.951 [http-nio-8080-exec-9] DEBUG c.e.d.r.chat.ChatSessionMapper.countTotalUnread - ==> Parameters: 1(Integer), 1(Integer), 32(Long), 1(Integer), 32(Long)
2026-05-18 20:39:15.951 [http-nio-8080-exec-9] DEBUG c.e.d.r.chat.ChatSessionMapper.countTotalUnread - <==      Total: 1
2026-05-18 20:39:15.952 [http-nio-8080-exec-10] DEBUG c.e.d.r.n.NotificationMapper.countUnreadByUserId - <==      Total: 1
2026-05-18 20:40:15.951 [http-nio-8080-exec-2] DEBUG c.e.d.r.n.NotificationMapper.countUnreadByUserId - ==>  Preparing: SELECT COUNT(*) FROM notification WHERE user_id = ? AND is_read = 0
2026-05-18 20:40:15.951 [http-nio-8080-exec-1] DEBUG c.e.d.r.chat.ChatSessionMapper.countTotalUnread - ==>  Preparing: SELECT COALESCE(SUM(CASE WHEN ? = 1 THEN unread_tenant ELSE unread_landlord END), 0) FROM chat_session WHERE (session_type = 0 OR session_type IS NULL) AND ((? = 1 AND tenant_id = ?) OR (? = 2 AND landlord_id = ?))
2026-05-18 20:40:15.952 [http-nio-8080-exec-2] DEBUG c.e.d.r.n.NotificationMapper.countUnreadByUserId - ==> Parameters: 32(Long)
2026-05-18 20:40:15.952 [http-nio-8080-exec-1] DEBUG c.e.d.r.chat.ChatSessionMapper.countTotalUnread - ==> Parameters: 1(Integer), 1(Integer), 32(Long), 1(Integer), 32(Long)
2026-05-18 20:40:15.952 [http-nio-8080-exec-1] DEBUG c.e.d.r.chat.ChatSessionMapper.countTotalUnread - <==      Total: 1
2026-05-18 20:40:15.953 [http-nio-8080-exec-2] DEBUG c.e.d.r.n.NotificationMapper.countUnreadByUserId - <==      Total: 1
2026-05-18 20:41:15.951 [http-nio-8080-exec-5] DEBUG c.e.d.r.chat.ChatSessionMapper.countTotalUnread - ==>  Preparing: SELECT COALESCE(SUM(CASE WHEN ? = 1 THEN unread_tenant ELSE unread_landlord END), 0) FROM chat_session WHERE (session_type = 0 OR session_type IS NULL) AND ((? = 1 AND tenant_id = ?) OR (? = 2 AND landlord_id = ?))
2026-05-18 20:41:15.951 [http-nio-8080-exec-6] DEBUG c.e.d.r.n.NotificationMapper.countUnreadByUserId - ==>  Preparing: SELECT COUNT(*) FROM notification WHERE user_id = ? AND is_read = 0
2026-05-18 20:41:15.951 [http-nio-8080-exec-6] DEBUG c.e.d.r.n.NotificationMapper.countUnreadByUserId - ==> Parameters: 32(Long)
2026-05-18 20:41:15.951 [http-nio-8080-exec-5] DEBUG c.e.d.r.chat.ChatSessionMapper.countTotalUnread - ==> Parameters: 1(Integer), 1(Integer), 32(Long), 1(Integer), 32(Long)
2026-05-18 20:41:15.952 [http-nio-8080-exec-5] DEBUG c.e.d.r.chat.ChatSessionMapper.countTotalUnread - <==      Total: 1
2026-05-18 20:41:15.953 [http-nio-8080-exec-6] DEBUG c.e.d.r.n.NotificationMapper.countUnreadByUserId - <==      Total: 1
2026-05-18 20:42:15.944 [http-nio-8080-exec-3] DEBUG c.e.d.r.chat.ChatSessionMapper.countTotalUnread - ==>  Preparing: SELECT COALESCE(SUM(CASE WHEN ? = 1 THEN unread_tenant ELSE unread_landlord END), 0) FROM chat_session WHERE (session_type = 0 OR session_type IS NULL) AND ((? = 1 AND tenant_id = ?) OR (? = 2 AND landlord_id = ?))
2026-05-18 20:42:15.944 [http-nio-8080-exec-7] DEBUG c.e.d.r.n.NotificationMapper.countUnreadByUserId - ==>  Preparing: SELECT COUNT(*) FROM notification WHERE user_id = ? AND is_read = 0
2026-05-18 20:42:15.944 [http-nio-8080-exec-7] DEBUG c.e.d.r.n.NotificationMapper.countUnreadByUserId - ==> Parameters: 32(Long)
2026-05-18 20:42:15.944 [http-nio-8080-exec-3] DEBUG c.e.d.r.chat.ChatSessionMapper.countTotalUnread - ==> Parameters: 1(Integer), 1(Integer), 32(Long), 1(Integer), 32(Long)
2026-05-18 20:42:15.945 [http-nio-8080-exec-3] DEBUG c.e.d.r.chat.ChatSessionMapper.countTotalUnread - <==      Total: 1
2026-05-18 20:42:15.946 [http-nio-8080-exec-7] DEBUG c.e.d.r.n.NotificationMapper.countUnreadByUserId - <==      Total: 1
2026-05-18 20:43:15.950 [http-nio-8080-exec-8] DEBUG c.e.d.r.n.NotificationMapper.countUnreadByUserId - ==>  Preparing: SELECT COUNT(*) FROM notification WHERE user_id = ? AND is_read = 0
2026-05-18 20:43:15.950 [http-nio-8080-exec-4] DEBUG c.e.d.r.chat.ChatSessionMapper.countTotalUnread - ==>  Preparing: SELECT COALESCE(SUM(CASE WHEN ? = 1 THEN unread_tenant ELSE unread_landlord END), 0) FROM chat_session WHERE (session_type = 0 OR session_type IS NULL) AND ((? = 1 AND tenant_id = ?) OR (? = 2 AND landlord_id = ?))
2026-05-18 20:43:15.950 [http-nio-8080-exec-8] DEBUG c.e.d.r.n.NotificationMapper.countUnreadByUserId - ==> Parameters: 32(Long)
2026-05-18 20:43:15.950 [http-nio-8080-exec-4] DEBUG c.e.d.r.chat.ChatSessionMapper.countTotalUnread - ==> Parameters: 1(Integer), 1(Integer), 32(Long), 1(Integer), 32(Long)
2026-05-18 20:43:15.951 [http-nio-8080-exec-4] DEBUG c.e.d.r.chat.ChatSessionMapper.countTotalUnread - <==      Total: 1
2026-05-18 20:43:15.952 [http-nio-8080-exec-8] DEBUG c.e.d.r.n.NotificationMapper.countUnreadByUserId - <==      Total: 1
2026-05-18 20:44:15.942 [http-nio-8080-exec-10] DEBUG c.e.d.r.n.NotificationMapper.countUnreadByUserId - ==>  Preparing: SELECT COUNT(*) FROM notification WHERE user_id = ? AND is_read = 0
2026-05-18 20:44:15.942 [http-nio-8080-exec-9] DEBUG c.e.d.r.chat.ChatSessionMapper.countTotalUnread - ==>  Preparing: SELECT COALESCE(SUM(CASE WHEN ? = 1 THEN unread_tenant ELSE unread_landlord END), 0) FROM chat_session WHERE (session_type = 0 OR session_type IS NULL) AND ((? = 1 AND tenant_id = ?) OR (? = 2 AND landlord_id = ?))
2026-05-18 20:44:15.944 [http-nio-8080-exec-10] DEBUG c.e.d.r.n.NotificationMapper.countUnreadByUserId - ==> Parameters: 32(Long)
2026-05-18 20:44:15.944 [http-nio-8080-exec-9] DEBUG c.e.d.r.chat.ChatSessionMapper.countTotalUnread - ==> Parameters: 1(Integer), 1(Integer), 32(Long), 1(Integer), 32(Long)
2026-05-18 20:44:15.945 [http-nio-8080-exec-9] DEBUG c.e.d.r.chat.ChatSessionMapper.countTotalUnread - <==      Total: 1
2026-05-18 20:44:15.946 [http-nio-8080-exec-10] DEBUG c.e.d.r.n.NotificationMapper.countUnreadByUserId - <==      Total: 1
2026-05-18 20:45:15.937 [http-nio-8080-exec-2] DEBUG c.e.d.r.n.NotificationMapper.countUnreadByUserId - ==>  Preparing: SELECT COUNT(*) FROM notification WHERE user_id = ? AND is_read = 0
2026-05-18 20:45:15.937 [http-nio-8080-exec-1] DEBUG c.e.d.r.chat.ChatSessionMapper.countTotalUnread - ==>  Preparing: SELECT COALESCE(SUM(CASE WHEN ? = 1 THEN unread_tenant ELSE unread_landlord END), 0) FROM chat_session WHERE (session_type = 0 OR session_type IS NULL) AND ((? = 1 AND tenant_id = ?) OR (? = 2 AND landlord_id = ?))
2026-05-18 20:45:15.937 [http-nio-8080-exec-2] DEBUG c.e.d.r.n.NotificationMapper.countUnreadByUserId - ==> Parameters: 32(Long)
2026-05-18 20:45:15.939 [http-nio-8080-exec-1] DEBUG c.e.d.r.chat.ChatSessionMapper.countTotalUnread - ==> Parameters: 1(Integer), 1(Integer), 32(Long), 1(Integer), 32(Long)
2026-05-18 20:45:15.939 [http-nio-8080-exec-1] DEBUG c.e.d.r.chat.ChatSessionMapper.countTotalUnread - <==      Total: 1
2026-05-18 20:45:15.940 [http-nio-8080-exec-2] DEBUG c.e.d.r.n.NotificationMapper.countUnreadByUserId - <==      Total: 1
2026-05-18 20:46:15.937 [http-nio-8080-exec-6] DEBUG c.e.d.r.n.NotificationMapper.countUnreadByUserId - ==>  Preparing: SELECT COUNT(*) FROM notification WHERE user_id = ? AND is_read = 0
2026-05-18 20:46:15.937 [http-nio-8080-exec-5] DEBUG c.e.d.r.chat.ChatSessionMapper.countTotalUnread - ==>  Preparing: SELECT COALESCE(SUM(CASE WHEN ? = 1 THEN unread_tenant ELSE unread_landlord END), 0) FROM chat_session WHERE (session_type = 0 OR session_type IS NULL) AND ((? = 1 AND tenant_id = ?) OR (? = 2 AND landlord_id = ?))
2026-05-18 20:46:15.938 [http-nio-8080-exec-6] DEBUG c.e.d.r.n.NotificationMapper.countUnreadByUserId - ==> Parameters: 32(Long)
2026-05-18 20:46:15.938 [http-nio-8080-exec-5] DEBUG c.e.d.r.chat.ChatSessionMapper.countTotalUnread - ==> Parameters: 1(Integer), 1(Integer), 32(Long), 1(Integer), 32(Long)
2026-05-18 20:46:15.938 [http-nio-8080-exec-5] DEBUG c.e.d.r.chat.ChatSessionMapper.countTotalUnread - <==      Total: 1
2026-05-18 20:46:15.939 [http-nio-8080-exec-6] DEBUG c.e.d.r.n.NotificationMapper.countUnreadByUserId - <==      Total: 1
2026-05-18 20:47:15.950 [http-nio-8080-exec-3] DEBUG c.e.d.r.chat.ChatSessionMapper.countTotalUnread - ==>  Preparing: SELECT COALESCE(SUM(CASE WHEN ? = 1 THEN unread_tenant ELSE unread_landlord END), 0) FROM chat_session WHERE (session_type = 0 OR session_type IS NULL) AND ((? = 1 AND tenant_id = ?) OR (? = 2 AND landlord_id = ?))
2026-05-18 20:47:15.950 [http-nio-8080-exec-7] DEBUG c.e.d.r.n.NotificationMapper.countUnreadByUserId - ==>  Preparing: SELECT COUNT(*) FROM notification WHERE user_id = ? AND is_read = 0
2026-05-18 20:47:15.950 [http-nio-8080-exec-7] DEBUG c.e.d.r.n.NotificationMapper.countUnreadByUserId - ==> Parameters: 32(Long)
2026-05-18 20:47:15.950 [http-nio-8080-exec-3] DEBUG c.e.d.r.chat.ChatSessionMapper.countTotalUnread - ==> Parameters: 1(Integer), 1(Integer), 32(Long), 1(Integer), 32(Long)
2026-05-18 20:47:15.952 [http-nio-8080-exec-3] DEBUG c.e.d.r.chat.ChatSessionMapper.countTotalUnread - <==      Total: 1
2026-05-18 20:47:15.953 [http-nio-8080-exec-7] DEBUG c.e.d.r.n.NotificationMapper.countUnreadByUserId - <==      Total: 1
2026-05-18 20:48:15.952 [http-nio-8080-exec-8] DEBUG c.e.d.r.n.NotificationMapper.countUnreadByUserId - ==>  Preparing: SELECT COUNT(*) FROM notification WHERE user_id = ? AND is_read = 0
2026-05-18 20:48:15.952 [http-nio-8080-exec-4] DEBUG c.e.d.r.chat.ChatSessionMapper.countTotalUnread - ==>  Preparing: SELECT COALESCE(SUM(CASE WHEN ? = 1 THEN unread_tenant ELSE unread_landlord END), 0) FROM chat_session WHERE (session_type = 0 OR session_type IS NULL) AND ((? = 1 AND tenant_id = ?) OR (? = 2 AND landlord_id = ?))
2026-05-18 20:48:15.952 [http-nio-8080-exec-8] DEBUG c.e.d.r.n.NotificationMapper.countUnreadByUserId - ==> Parameters: 32(Long)
2026-05-18 20:48:15.952 [http-nio-8080-exec-4] DEBUG c.e.d.r.chat.ChatSessionMapper.countTotalUnread - ==> Parameters: 1(Integer), 1(Integer), 32(Long), 1(Integer), 32(Long)
2026-05-18 20:48:15.953 [http-nio-8080-exec-4] DEBUG c.e.d.r.chat.ChatSessionMapper.countTotalUnread - <==      Total: 1
2026-05-18 20:48:15.954 [http-nio-8080-exec-8] DEBUG c.e.d.r.n.NotificationMapper.countUnreadByUserId - <==      Total: 1
2026-05-18 20:49:15.940 [http-nio-8080-exec-10] DEBUG c.e.d.r.n.NotificationMapper.countUnreadByUserId - ==>  Preparing: SELECT COUNT(*) FROM notification WHERE user_id = ? AND is_read = 0
2026-05-18 20:49:15.940 [http-nio-8080-exec-9] DEBUG c.e.d.r.chat.ChatSessionMapper.countTotalUnread - ==>  Preparing: SELECT COALESCE(SUM(CASE WHEN ? = 1 THEN unread_tenant ELSE unread_landlord END), 0) FROM chat_session WHERE (session_type = 0 OR session_type IS NULL) AND ((? = 1 AND tenant_id = ?) OR (? = 2 AND landlord_id = ?))
2026-05-18 20:49:15.940 [http-nio-8080-exec-10] DEBUG c.e.d.r.n.NotificationMapper.countUnreadByUserId - ==> Parameters: 32(Long)
2026-05-18 20:49:15.940 [http-nio-8080-exec-9] DEBUG c.e.d.r.chat.ChatSessionMapper.countTotalUnread - ==> Parameters: 1(Integer), 1(Integer), 32(Long), 1(Integer), 32(Long)
2026-05-18 20:49:15.942 [http-nio-8080-exec-9] DEBUG c.e.d.r.chat.ChatSessionMapper.countTotalUnread - <==      Total: 1
2026-05-18 20:49:15.942 [http-nio-8080-exec-10] DEBUG c.e.d.r.n.NotificationMapper.countUnreadByUserId - <==      Total: 1
2026-05-18 20:49:32.030 [http-nio-8080-exec-1] DEBUG c.e.d.r.chat.ChatSessionMapper.countTotalUnread - ==>  Preparing: SELECT COALESCE(SUM(CASE WHEN ? = 1 THEN unread_tenant ELSE unread_landlord END), 0) FROM chat_session WHERE (session_type = 0 OR session_type IS NULL) AND ((? = 1 AND tenant_id = ?) OR (? = 2 AND landlord_id = ?))
2026-05-18 20:49:32.030 [http-nio-8080-exec-1] DEBUG c.e.d.r.chat.ChatSessionMapper.countTotalUnread - ==> Parameters: 1(Integer), 1(Integer), 32(Long), 1(Integer), 32(Long)
2026-05-18 20:49:32.031 [http-nio-8080-exec-1] DEBUG c.e.d.r.chat.ChatSessionMapper.countTotalUnread - <==      Total: 1
2026-05-18 20:49:37.589 [http-nio-8080-exec-5] DEBUG c.e.d.r.n.NotificationMapper.countUnreadByUserId - ==>  Preparing: SELECT COUNT(*) FROM notification WHERE user_id = ? AND is_read = 0
2026-05-18 20:49:37.589 [http-nio-8080-exec-2] DEBUG c.e.d.r.chat.ChatSessionMapper.countTotalUnread - ==>  Preparing: SELECT COALESCE(SUM(CASE WHEN ? = 1 THEN unread_tenant ELSE unread_landlord END), 0) FROM chat_session WHERE (session_type = 0 OR session_type IS NULL) AND ((? = 1 AND tenant_id = ?) OR (? = 2 AND landlord_id = ?))
2026-05-18 20:49:37.589 [http-nio-8080-exec-5] DEBUG c.e.d.r.n.NotificationMapper.countUnreadByUserId - ==> Parameters: 32(Long)
2026-05-18 20:49:37.589 [http-nio-8080-exec-2] DEBUG c.e.d.r.chat.ChatSessionMapper.countTotalUnread - ==> Parameters: 1(Integer), 1(Integer), 32(Long), 1(Integer), 32(Long)
2026-05-18 20:49:37.591 [http-nio-8080-exec-2] DEBUG c.e.d.r.chat.ChatSessionMapper.countTotalUnread - <==      Total: 1
2026-05-18 20:49:37.591 [http-nio-8080-exec-5] DEBUG c.e.d.r.n.NotificationMapper.countUnreadByUserId - <==      Total: 1
2026-05-18 20:49:38.730 [http-nio-8080-exec-7] DEBUG c.e.d.r.n.NotificationMapper.countUnreadByUserId - ==>  Preparing: SELECT COUNT(*) FROM notification WHERE user_id = ? AND is_read = 0
2026-05-18 20:49:38.731 [http-nio-8080-exec-4] DEBUG c.e.d.r.chat.ChatSessionMapper.countTotalUnread - ==>  Preparing: SELECT COALESCE(SUM(CASE WHEN ? = 1 THEN unread_tenant ELSE unread_landlord END), 0) FROM chat_session WHERE (session_type = 0 OR session_type IS NULL) AND ((? = 1 AND tenant_id = ?) OR (? = 2 AND landlord_id = ?))
2026-05-18 20:49:38.731 [http-nio-8080-exec-7] DEBUG c.e.d.r.n.NotificationMapper.countUnreadByUserId - ==> Parameters: 32(Long)
2026-05-18 20:49:38.731 [http-nio-8080-exec-4] DEBUG c.e.d.r.chat.ChatSessionMapper.countTotalUnread - ==> Parameters: 1(Integer), 1(Integer), 32(Long), 1(Integer), 32(Long)
2026-05-18 20:49:38.731 [http-nio-8080-exec-4] DEBUG c.e.d.r.chat.ChatSessionMapper.countTotalUnread - <==      Total: 1
2026-05-18 20:49:38.734 [http-nio-8080-exec-7] DEBUG c.e.d.r.n.NotificationMapper.countUnreadByUserId - <==      Total: 1
2026-05-18 20:49:38.736 [http-nio-8080-exec-9] DEBUG c.e.demo.repository.user.UserMapper.selectById - ==>  Preparing: SELECT user_id,username,password,phone,email,real_name,id_card,avatar,user_type,realname_status,realname_time,realname_audit_reason,status,beans,credit_score,create_time,update_time FROM `user` WHERE user_id=?
2026-05-18 20:49:38.737 [http-nio-8080-exec-9] DEBUG c.e.demo.repository.user.UserMapper.selectById - ==> Parameters: 32(Long)
2026-05-18 20:49:38.739 [http-nio-8080-exec-9] DEBUG c.e.demo.repository.user.UserMapper.selectById - <==      Total: 1
2026-05-18 20:49:38.743 [http-nio-8080-exec-8] DEBUG c.e.d.r.house.HouseMapper.selectList_mpCount - ==>  Preparing: SELECT COUNT(*) AS total FROM house WHERE (status = ? AND city LIKE ?)
2026-05-18 20:49:38.743 [http-nio-8080-exec-8] DEBUG c.e.d.r.house.HouseMapper.selectList_mpCount - ==> Parameters: 1(Integer), %无锡%(String)
2026-05-18 20:49:38.745 [http-nio-8080-exec-8] DEBUG c.e.d.r.house.HouseMapper.selectList_mpCount - <==      Total: 1
2026-05-18 20:49:38.745 [http-nio-8080-exec-8] DEBUG c.e.demo.repository.house.HouseMapper.selectList - ==>  Preparing: SELECT house_id,landlord_id,title,description,address,province,city,district,longitude,latitude,rent_price,deposit_type,area,house_type,floor,orientation,facilities,images,rent_option,status,audit_reason,view_count,collect_count,property_license_front,property_license_back,property_license_other,create_time,update_time FROM house WHERE (status = ? AND city LIKE ?) ORDER BY view_count DESC,create_time DESC LIMIT ?
2026-05-18 20:49:38.746 [http-nio-8080-exec-8] DEBUG c.e.demo.repository.house.HouseMapper.selectList - ==> Parameters: 1(Integer), %无锡%(String), 12(Long)
2026-05-18 20:49:38.750 [http-nio-8080-exec-8] DEBUG c.e.demo.repository.house.HouseMapper.selectList - <==      Total: 12
2026-05-18 22:11:15.608 [SpringApplicationShutdownHook] INFO  com.zaxxer.hikari.HikariDataSource - HikariPool-1 - Shutdown initiated...
2026-05-18 22:11:15.615 [SpringApplicationShutdownHook] INFO  com.zaxxer.hikari.HikariDataSource - HikariPool-1 - Shutdown completed.
2026-05-18 22:21:57.105 [main] INFO  com.example.demo.DemoApplication - Starting DemoApplication using Java 17.0.13 with PID 38696 (G:\house_rental\demo\target\classes started by lenovo in G:\house_rental\demo)
2026-05-18 22:21:57.108 [main] DEBUG com.example.demo.DemoApplication - Running with Spring Boot v3.5.3, Spring v6.2.8
2026-05-18 22:21:57.109 [main] INFO  com.example.demo.DemoApplication - No active profile set, falling back to 1 default profile: "default"
2026-05-18 22:21:58.794 [main] INFO  org.apache.coyote.http11.Http11NioProtocol - Initializing ProtocolHandler ["http-nio-8080"]
2026-05-18 22:21:58.797 [main] INFO  org.apache.catalina.core.StandardService - Starting service [Tomcat]
2026-05-18 22:21:58.797 [main] INFO  org.apache.catalina.core.StandardEngine - Starting Servlet engine: [Apache Tomcat/10.1.42]
2026-05-18 22:21:58.856 [main] INFO  o.a.c.core.ContainerBase.[Tomcat].[localhost].[/] - Initializing Spring embedded WebApplicationContext
2026-05-18 22:22:00.410 [main] INFO  com.example.demo.config.MvcConfig - 注册资源映射: /uploads/ -> file:///uploads
2026-05-18 22:22:00.702 [main] INFO  org.apache.coyote.http11.Http11NioProtocol - Starting ProtocolHandler ["http-nio-8080"]
2026-05-18 22:22:00.730 [main] INFO  com.example.demo.DemoApplication - Started DemoApplication in 4.399 seconds (process running for 5.644)
